iteration,loss-average
1,5.782646179199219
2,5.78280948638916
3,5.783122163009644
4,5.783197224708557
5,5.783648678621368
6,5.783962614915274
7,5.784150510062647
8,5.78463656152216
9,5.78496844844052
10,5.784981712604645
11,5.785328268614393
12,5.7853372260082185
13,5.785851508862322
14,5.786315423127824
15,5.786637059687851
16,5.786492029828322
17,5.7867195542677665
18,5.787032202214394
19,5.787159344577576
20,5.787588404619008
21,5.78760276125197
22,5.787692876742263
23,5.788098935131489
24,5.788109337257716
25,5.788318277068958
26,5.788702052289908
27,5.788974315946869
28,5.788853379890383
29,5.788990571249484
30,5.788846049970368
31,5.788969092349866
32,5.789153131370789
33,5.789137080385829
34,5.789296816958044
35,5.789454512744737
36,5.789717010548315
37,5.789898593875557
38,5.790056632816527
39,5.790282473884562
40,5.790289164189586
41,5.790354295365023
42,5.790503468231527
43,5.790448279772048
44,5.790125659467744
45,5.7903173517532425
46,5.7901276886781385
47,5.78984513536234
48,5.789378881077334
49,5.789129976856666
50,5.78917271568318
51,5.7893439942644145
52,5.789190888182837
53,5.78891431071459
54,5.789044361139703
55,5.788793974328896
56,5.78866853887308
57,5.788387950688391
58,5.787978534799013
59,5.787844707969
60,5.787515098050342
61,5.7874679592363085
62,5.787381823318183
63,5.786901043999037
64,5.786603229646766
65,5.7861569907832004
66,5.785971732818733
67,5.785742982671636
68,5.785769156572281
69,5.785531335391519
70,5.7857616800582
71,5.785580961837895
72,5.785198055064516
73,5.784831694671234
74,5.784420629015114
75,5.784256928043699
76,5.783884604195349
77,5.783767920564811
78,5.78365039487141
79,5.7835490670429515
80,5.783225928872259
81,5.782568372117323
82,5.782293505758351
83,5.781915837471186
84,5.781423823898643
85,5.780784513680436
86,5.780216497585904
87,5.779811399735627
88,5.779323852466012
89,5.778791582264836
90,5.7783817471710535
91,5.778032818358614
92,5.777333030445422
93,5.776873020684903
94,5.7763423981160535
95,5.77598848945427
96,5.7757963354031
97,5.775299558475312
98,5.774791488295796
99,5.774243769110325
100,5.773833747625214
101,5.773596292338237
102,5.773049846380388
103,5.77252033748989
104,5.771890306182597
105,5.771489245130356
106,5.770965742652675
107,5.770117951466003
108,5.769359128050696
109,5.76847362204913
110,5.767829434184563
111,5.767424084133074
112,5.766865183749241
113,5.7663099750297
114,5.76575688687249
115,5.764944493809723
116,5.764373329916195
117,5.763745582785034
118,5.76297861332904
119,5.762166024399862
120,5.761450482537353
121,5.7604983111892185
122,5.759599439249492
123,5.758843409326806
124,5.758153292696667
125,5.756895094014975
126,5.755913123607454
127,5.754894373235524
128,5.75417023645746
129,5.753201869646402
130,5.7522833972864325
131,5.751399907380255
132,5.7504682455973954
133,5.749518872521995
134,5.748781739471579
135,5.747902984641254
136,5.746944415686343
137,5.746247623319882
138,5.745505934632171
139,5.744601791662794
140,5.743563334397043
141,5.742604297247066
142,5.7419937922652595
143,5.7410382986678785
144,5.740149694025698
145,5.739061213923871
146,5.738245567724618
147,5.736938660367928
148,5.735750502471238
149,5.734712984563537
150,5.733307156039869
151,5.7323217761637
152,5.7314875297426
153,5.730778076770428
154,5.7298219924689064
155,5.7286735907207245
156,5.727058388025573
157,5.725558821446092
158,5.724400124951863
159,5.723032916749091
160,5.72199969715007
161,5.720766604757362
162,5.719319603045515
163,5.718058506623643
164,5.716575926121297
165,5.715439788763422
166,5.714058096030756
167,5.712507370435214
168,5.710894952671285
169,5.709433792280579
170,5.707816012583648
171,5.70619135431928
172,5.704410933910141
173,5.702270490119023
174,5.7007086198979415
175,5.699178988439313
176,5.697262736169917
177,5.695443030762926
178,5.6937407150237656
179,5.69198259994204
180,5.690229997427452
181,5.688165376269186
182,5.686335366854765
183,5.684583833467865
184,5.682732586104539
185,5.681102546809206
186,5.679353054466771
187,5.677516691467036
188,5.675775105882934
189,5.673812462117937
190,5.671554054977629
191,5.669450021226099
192,5.667422696064028
193,5.665336582688402
194,5.663483937338345
195,5.66134472505276
196,5.659165546692451
197,5.6568103779247405
198,5.654713303438145
199,5.652307571152341
200,5.649976627782883
201,5.647538723568901
202,5.644901488602527
203,5.642539004179597
204,5.639827565450375
205,5.637328961071299
206,5.634835639601338
207,5.631949117010117
208,5.629412978908196
209,5.626613261123855
210,5.62383840022877
211,5.620618710394972
212,5.617669512914367
213,5.614989746694776
214,5.612106331689469
215,5.6091241919331205
216,5.605773066050391
217,5.602590843712537
218,5.599317989927275
219,5.596067325013983
220,5.592768033567415
221,5.589269272703806
222,5.585666832501195
223,5.582543640962255
224,5.579124322174382
225,5.575699480002744
226,5.572210764679423
227,5.568728432930756
228,5.564948831160569
229,5.561027088042607
230,5.557382935594499
231,5.553299600307902
232,5.549125116404161
233,5.545142755219877
234,5.54100838423108
235,5.536587466576976
236,5.532316965643264
237,5.527438410449052
238,5.5225830397620435
239,5.517757580596442
240,5.512897738814225
241,5.507774337947242
242,5.503026108268376
243,5.497963793195293
244,5.492674927487637
245,5.487592222852679
246,5.482514717690059
247,5.477090192379226
248,5.471468857815698
249,5.4656403736800145
250,5.460086893141229
251,5.45419107683297
252,5.448095116929611
253,5.442358789084428
254,5.4365751776032765
255,5.4307616885775785
256,5.4242669496485565
257,5.417790182280341
258,5.411567528735443
259,5.404890533782072
260,5.39846194879918
261,5.392186511703079
262,5.3855446781364975
263,5.3790717110569215
264,5.372036694072111
265,5.365158217957393
266,5.358221874887308
267,5.351518691509434
268,5.344110243033249
269,5.337374684672218
270,5.330700986297377
271,5.32372473245583
272,5.316416612013256
273,5.309164369632001
274,5.3019385445501515
275,5.295059557976165
276,5.288359779017569
277,5.281401215334191
278,5.274290704302654
279,5.266897455753099
280,5.2596549713444585
281,5.2528445547178615
282,5.245839907809906
283,5.2384631830484825
284,5.23139935037201
285,5.224214381324165
286,5.216885817269459
287,5.20963025805908
288,5.202560102772776
289,5.195358475760044
290,5.188286538025849
291,5.180952510832837
292,5.1743003280630795
293,5.167055681212511
294,5.159810778067997
295,5.152413741583785
296,5.145342248597202
297,5.138417411605604
298,5.1310455153235655
299,5.124068850164799
300,5.117084184892461
301,5.110046561176911
302,5.1033799832095985
303,5.096438449753292
304,5.089502041826952
305,5.082290496016048
306,5.0756891463923575
307,5.068567882461703
308,5.06190983123947
309,5.055078525483821
310,5.048414668597191
311,5.041924219463529
312,5.03546085905192
313,5.028886497141267
314,5.0220017088640905
315,5.015634550663371
316,5.009293407730548
317,5.003046443384531
318,4.996556891317378
319,4.990260892956363
320,4.9839544486720655
321,4.977874297686906
322,4.971586264781874
323,4.965165899654694
324,4.959220507076639
325,4.953259535198046
326,4.947350129101019
327,4.9416070430686805
328,4.935601192337922
329,4.929542776813307
330,4.92326845341205
331,4.917499226540465
332,4.911715608205334
333,4.905855220296599
334,4.900144951446697
335,4.8942792651710585
336,4.888410214672935
337,4.882590214420003
338,4.876480453817516
339,4.87109154794246
340,4.864989735751922
341,4.859444453823749
342,4.8542190752605805
343,4.848619011534909
344,4.8431248837151
345,4.8375246121455335
346,4.832019532729161
347,4.826472634582513
348,4.820800668615716
349,4.815505041367059
350,4.810028137179732
351,4.804845755283306
352,4.7993296373730745
353,4.7940686954129665
354,4.788195017656441
355,4.782535678155363
356,4.7770212637255565
357,4.771217328700679
358,4.765570957209063
359,4.760141606698915
360,4.754619303205684
361,4.749269625347746
362,4.743933566794648
363,4.738116289196547
364,4.732337499179218
365,4.727170014408647
366,4.721529774215688
367,4.715869472920828
368,4.710289266079599
369,4.704430639190013
370,4.69885306423275
371,4.693503570239355
372,4.687975450204807
373,4.6822902724842805
374,4.676339445748583
375,4.6707071156043645
376,4.664721285593913
377,4.658766299274125
378,4.653218689353095
379,4.647638637160272
380,4.641728405920972
381,4.635584215991639
382,4.629546945352836
383,4.623546010413065
384,4.617619880472748
385,4.6117309723957645
386,4.605737302578587
387,4.5991986139610965
388,4.592995882145131
389,4.58688692580594
390,4.580688261233913
391,4.57498599884737
392,4.568860624649842
393,4.5629363311631925
394,4.556424918993054
395,4.550190295735263
396,4.544068987608033
397,4.538127450079993
398,4.532108543885401
399,4.525697482626833
400,4.519660671493583
401,4.513775505167594
402,4.5078200157399015
403,4.501589997489923
404,4.495107801956018
405,4.488907523510892
406,4.4826474012999515
407,4.476535064541042
408,4.470248238753761
409,4.4642313450388675
410,4.458277225416532
411,4.451768827362059
412,4.445471602365111
413,4.439308132460753
414,4.433283839242081
415,4.427044615093958
416,4.420676030760219
417,4.414586471402949
418,4.408390317307531
419,4.40206767049202
420,4.395643872700465
421,4.389584051200436
422,4.38329104075443
423,4.376558094618907
424,4.370419363985684
425,4.363604677114906
426,4.3571188308260265
427,4.350826807450473
428,4.344118737259105
429,4.337710281428718
430,4.331182726038181
431,4.32485075280709
432,4.317930573383273
433,4.3115770640732
434,4.304935395151966
435,4.298401334923487
436,4.291900156598431
437,4.28594839442563
438,4.279089757118783
439,4.272277679192899
440,4.266442058508517
441,4.2602806262815225
442,4.25369910967264
443,4.247483336135498
444,4.241341953218635
445,4.234903175677699
446,4.228406873409873
447,4.2219769204891
448,4.215341141654208
449,4.209246360675983
450,4.202828414587341
451,4.196199214459657
452,4.189251457930779
453,4.182391778007698
454,4.176034911342502
455,4.169257129222831
456,4.162635812054939
457,4.155982326580136
458,4.149696209520885
459,4.143313160460167
460,4.136918197376086
461,4.130006678597631
462,4.123577666622968
463,4.116814812516888
464,4.110276865647044
465,4.103668495349178
466,4.097569661384273
467,4.091090093756258
468,4.084874361445952
469,4.078473686274528
470,4.072118450715846
471,4.065424807592642
472,4.058998484978997
473,4.052545254209166
474,4.04582383024986
475,4.039238041167751
476,4.03252004326859
477,4.026199876930806
478,4.019533244046731
479,4.012796553698878
480,4.006165390882042
481,3.999746158877694
482,3.992706705785284
483,3.9860486871633527
484,3.979622744013958
485,3.9731137470804563
486,3.966355191277946
487,3.9594550455364934
488,3.9526772767561957
489,3.9465086389435453
490,3.9403790643092056
491,3.9338724511931873
492,3.9276669450709347
493,3.921043995573813
494,3.914818321350813
495,3.9085932067929985
496,3.901816487119724
497,3.8953063080807593
498,3.8893010121880036
499,3.8831941072396536
500,3.876799179371899
501,3.870810394080055
502,3.864578096568327
503,3.8577568534312108
504,3.8515102055898813
505,3.8449011059092357
506,3.8383127227681015
507,3.8320368238043776
508,3.825663640657758
509,3.8195424805765366
510,3.8132471319110506
511,3.8072441397656887
512,3.800767087437599
513,3.794336401450566
514,3.788764939077072
515,3.782373628675963
516,3.776327572690273
517,3.770490342754412
518,3.764154932986421
519,3.7576263070592364
520,3.7513096735953586
521,3.745042602018288
522,3.739168897271013
523,3.7330466273425604
524,3.7270671256123595
525,3.7210850387000876
526,3.7145203077594595
527,3.708794469170188
528,3.7023823231873583
529,3.6969261760522243
530,3.6908383901028965
531,3.684998354554867
532,3.678713653500757
533,3.6727322492356738
534,3.66689819636827
535,3.661181396762804
536,3.6549105552731653
537,3.6488920408229757
538,3.6432188732014015
539,3.6376661879752277
540,3.6318516411856328
541,3.6260166904236875
542,3.6203888613072914
543,3.6147803241934504
544,3.6091469768114495
545,3.6034550498484625
546,3.5976098897007973
547,3.592220234822126
548,3.5869059195040403
549,3.5812534544190133
550,3.5760376298679866
551,3.570816301442074
552,3.5659805618466436
553,3.5605837974038392
554,3.5549704328800176
555,3.549886057944341
556,3.5441350189525074
557,3.5387073404316722
558,3.533039289890739
559,3.5277162287785933
560,3.5224530991187932
561,3.5172646477168614
562,3.511756953563183
563,3.5064042932059087
564,3.5012232498070004
565,3.4962047405069665
566,3.4908588403150524
567,3.485407098155358
568,3.480028899849172
569,3.474963973059159
570,3.4697929826299583
571,3.4644665323477812
572,3.4594100088602495
573,3.4540702612510987
574,3.4488624093021385
575,3.443520744039985
576,3.438558624790594
577,3.4338193965696844
578,3.4286880497225805
579,3.42414113561381
580,3.419294243916548
581,3.4142053255909515
582,3.4089481622859195
583,3.4041239725616244
584,3.3991468378827308
585,3.39415722731221
586,3.3888355613807724
587,3.3836441658575027
588,3.378608201561959
589,3.3741223755739327
590,3.3693852274017484
591,3.3645418639410547
592,3.359480626614931
593,3.354982421286307
594,3.3499912561750946
595,3.345479324156146
596,3.3408602440359383
597,3.33639999277613
598,3.331592116020888
599,3.3268063869054263
600,3.3219322893873495
601,3.3172665193854303
602,3.3125352589363812
603,3.3077616999063353
604,3.3036345926248223
605,3.298925588287585
606,3.294383162222822
607,3.2896056187980065
608,3.284523083028797
609,3.279599265846065
610,3.275017936885955
611,3.270409544967999
612,3.2657058428229115
613,3.2614963716955185
614,3.2572126751499746
615,3.2531313441246974
616,3.248845408678971
617,3.2445034711703693
618,3.240159485197279
619,3.2355028561622787
620,3.2311471510364087
621,3.2267632035677436
622,3.2221898592809346
623,3.2180183408810215
624,3.2136983669390724
625,3.2093493931153056
626,3.204941467524118
627,3.20043288723522
628,3.196672609197852
629,3.192666796975138
630,3.1883281314076446
631,3.184120832962536
632,3.1797234466682753
633,3.175416034657822
634,3.1714612417966968
635,3.16739018937745
636,3.163228662979427
637,3.159056420652456
638,3.154873695788601
639,3.1511700283303488
640,3.1475524838962494
641,3.1439585575932636
642,3.139645780293632
643,3.135651215975601
644,3.131868149999595
645,3.1278464238251646
646,3.123856799959867
647,3.120293724553321
648,3.116255164400939
649,3.1128316953292283
650,3.109733229261694
651,3.1061860923711624
652,3.102722472414303
653,3.099124396180739
654,3.0953760419775223
655,3.091685941715975
656,3.0880378241160913
657,3.0840694451056936
658,3.0805332121102573
659,3.0774934430630596
660,3.0738621943113564
661,3.0704847591180613
662,3.0668606464781196
663,3.0635782717290994
664,3.0596028965563584
665,3.056032684824267
666,3.0516831426161244
667,3.048085192578133
668,3.0446751206540608
669,3.0415799037252933
670,3.0381753352604677
671,3.0350034098998626
672,3.0320197828563455
673,3.0287907908552247
674,3.024679980912754
675,3.0213123025438886
676,3.0179690910083914
677,3.014808486387015
678,3.011609160378757
679,3.008170891012429
680,3.004980596742595
681,3.001633518720402
682,2.9985070668747418
683,2.995145516616959
684,2.992123433234693
685,2.9890016743707193
686,2.9853470290287514
687,2.9822721113058424
688,2.9793071910447524
689,2.976418353856853
690,2.9738405034804605
691,2.9709454719371573
692,2.9681543033583995
693,2.964938797438021
694,2.962269111798404
695,2.9594853165146455
696,2.9565468547293356
697,2.9540620453355544
698,2.951382987007884
699,2.9487535997820697
700,2.945779542495901
701,2.942693414651049
702,2.9403152333850056
703,2.9375096048723957
704,2.934543600091842
705,2.93144365330668
706,2.928440342908393
707,2.9255933530668266
708,2.92266480090112
709,2.9201771001284587
710,2.9175021605352525
711,2.9145719247586293
712,2.9116915437356856
713,2.9090764376839697
714,2.906271748568047
715,2.903506020475348
716,2.9006580728029623
717,2.898374205170145
718,2.8953532437794496
719,2.89238131474523
720,2.8893780011181724
721,2.886914780962447
722,2.8844764063789645
723,2.8818385864728207
724,2.87902674398073
725,2.876015248445903
726,2.8728479660523636
727,2.8704841902487725
728,2.867613309544383
729,2.8646320665315956
730,2.8621860219187982
731,2.8598006856128073
732,2.8568598665645526
733,2.854419071783005
734,2.8515651235214783
735,2.8489907130645986
736,2.845838442061974
737,2.8435845445815136
738,2.8409644243914824
739,2.83884857180148
740,2.8363602403877284
741,2.834024190822894
742,2.8316228198222926
743,2.8291450694271285
744,2.8269668225414546
745,2.824934417395557
746,2.822275722524514
747,2.819639025937488
748,2.817033543621253
749,2.8146925732950923
750,2.812692874089017
751,2.8102964575557228
752,2.8080656861423403
753,2.8057199947492055
754,2.8034912884043313
755,2.8011476970722797
756,2.7990891911059927
757,2.7968509556771224
758,2.794579021402447
759,2.7926061793395713
760,2.7905044849062226
761,2.7875045205590503
762,2.7853234036891292
763,2.7832404068754175
764,2.781454607031061
765,2.7792212868707256
766,2.777105474757884
767,2.774884569448212
768,2.772723999069074
769,2.7706456930607763
770,2.768341986352881
771,2.766120669697113
772,2.763845112229684
773,2.7617898648770582
774,2.7598569755232427
775,2.7580270359105437
776,2.755819509566112
777,2.753273781873264
778,2.751069038314351
779,2.7486383185969534
780,2.746234154786965
781,2.744527879322146
782,2.7420958321345674
783,2.7400380770595643
784,2.737918299061769
785,2.7358544921778236
786,2.733934390821511
787,2.7323834638922264
788,2.7307080636726098
789,2.72819544773302
790,2.725787715345437
791,2.7241369608096466
792,2.722549772321298
793,2.7206230478862246
794,2.7189751886359583
795,2.717716388560444
796,2.7156517660657244
797,2.713190127305079
798,2.711731824789495
799,2.709904977524052
800,2.7082008030681752
801,2.706580751392798
802,2.705019217122083
803,2.703200503350015
804,2.701383502560358
805,2.699910334996334
806,2.6978039844899495
807,2.6959587818371986
808,2.6939761897194368
809,2.6920989337625723
810,2.6906085633636883
811,2.688984259261026
812,2.687434908357727
813,2.6860042920463463
814,2.6843712986050163
815,2.6826813864039734
816,2.6808674441159575
817,2.678766384944637
818,2.677336495440019
819,2.6756739398781426
820,2.6734271980648323
821,2.6719832331516926
822,2.670266376372875
823,2.668382402567036
824,2.666605015975046
825,2.6649034841598787
826,2.663025893297482
827,2.661583746250624
828,2.660137282888722
829,2.657774023353079
830,2.6565235788586126
831,2.655649209843391
832,2.6540828183589253
833,2.6525328058592397
834,2.651194305084157
835,2.649449348692862
836,2.6478745176790874
837,2.646595770687932
838,2.64515002795026
839,2.6441641273439522
840,2.6425175934924465
841,2.6408051562801904
842,2.639421038056015
843,2.6382315810323824
844,2.6366299790824503
845,2.635198844535286
846,2.633294909796985
847,2.6317633690534383
848,2.629908159579474
849,2.6281821363186095
850,2.6274063992852916
851,2.6267304150450084
852,2.625264699223051
853,2.6239188967775915
854,2.6230120358327014
855,2.6213861504703564
856,2.6199487753231927
857,2.618548778431536
858,2.6173925550601713
859,2.6163437180504596
860,2.614971381081113
861,2.6136680185992613
862,2.6125895501569025
863,2.611373015539568
864,2.6101563212581342
865,2.6092802612544803
866,2.6078335914999715
867,2.6058890883635146
868,2.604565121255363
869,2.6031728716409246
870,2.6017220831991947
871,2.600746262941766
872,2.599829350607125
873,2.598750670356152
874,2.597788897763238
875,2.5966129726751
876,2.5954968533964635
877,2.5942170566330995
878,2.5933050007711285
879,2.5923078315723562
880,2.590726853621329
881,2.5890558302284066
882,2.5878498316887186
883,2.586315770731519
884,2.5853635336860292
885,2.584455113071818
886,2.5833399796977106
887,2.581899973392941
888,2.580519141741244
889,2.5798593337812967
890,2.578570264972187
891,2.5773219406892838
892,2.57603040948353
893,2.5750064319624997
894,2.5734766059050367
895,2.5729307168991187
896,2.571648842253824
897,2.5706537545078687
898,2.569495472584826
899,2.568362029998669
900,2.567503798759963
901,2.566244603178746
902,2.564517684938718
903,2.563046719629531
904,2.561549674549685
905,2.5604108107660277
906,2.5596212337337514
907,2.5583772915725045
908,2.5571663011075705
909,2.5562989875060733
910,2.555344130306916
911,2.554384127850619
912,2.553663352413358
913,2.5526663650052885
914,2.551668994545698
915,2.5502777245256945
916,2.549349651305017
917,2.5487292459177713
918,2.547845240985988
919,2.5461711301649865
920,2.544842906192973
921,2.544107271480674
922,2.5426751277676742
923,2.5420188689028116
924,2.5409142426767937
925,2.540029548712235
926,2.538897703732558
927,2.5377511020825283
928,2.5366145960092004
929,2.5353492669033475
930,2.5341619634958223
931,2.533604614004043
932,2.5328668850891356
933,2.531868174897424
934,2.530847377103821
935,2.529779346378456
936,2.528764157056783
937,2.527673355727171
938,2.5266438954561945
939,2.525521742186963
940,2.524212519272545
941,2.5233732111707243
942,2.522421399603865
943,2.5222947317894002
944,2.5212466633483754
945,2.5206039108675404
946,2.5197203122263003
947,2.51877347106051
948,2.5177969197911554
949,2.5166420931888505
950,2.515734500424805
951,2.5146892148276243
952,2.5136706332822314
953,2.5123965015461525
954,2.512095985913423
955,2.5115568202158456
956,2.510758156994207
957,2.51016134292964
958,2.5093751492665426
959,2.5085778812284163
960,2.5078009502212795
961,2.5072954286533773
962,2.506586876075488
963,2.5055890878337634
964,2.504490672776307
965,2.5032750324851487
966,2.5021666126765103
967,2.5017651804855414
968,2.50107428300376
969,2.5001504354738726
970,2.49930093590441
971,2.497999328235211
972,2.4966951091113025
973,2.4955637639206536
974,2.494912356310392
975,2.494074868728557
976,2.4932524333580752
977,2.4923250821014973
978,2.4915254783476506
979,2.4917772899476898
980,2.4908512986302425
981,2.4900193915236044
982,2.4893586893239306
983,2.488843800045203
984,2.4878981437174557
985,2.486436608569852
986,2.4861508256934988
987,2.4849427523024925
988,2.484024901208469
989,2.483195206559544
990,2.4823269262076497
991,2.482037077136622
992,2.4809760427395804
993,2.4806851637762684
994,2.4810677077923082
995,2.4802877776248042
996,2.479538099266522
997,2.4791493312234523
998,2.4783550828497156
999,2.4778141509696376
1000,2.4771739598691904
1001,2.4760401572236255
1002,2.4760117513875026
1003,2.4758241159996452
1004,2.4755256541188
1005,2.4746145177148913
1006,2.4740853258865947
1007,2.472914137633633
1008,2.4721498408199865
1009,2.4714468685702373
1010,2.4710299389121504
1011,2.469974184456112
1012,2.4693365358652564
1013,2.468705388911074
1014,2.4681795048190707
1015,2.4680126777613243
1016,2.4676157659190494
1017,2.467223874070212
1018,2.466029297025209
1019,2.4650476583808474
1020,2.464056594052952
1021,2.4635460186217832
1022,2.4631983856410105
1023,2.462504531110258
1024,2.4621097690479283
1025,2.4619496239904564
1026,2.4610205346554834
1027,2.4607176130141926
1028,2.460674012325564
1029,2.459535411725354
1030,2.4580956676555807
1031,2.457495069838968
1032,2.4568474706119887
1033,2.45610615966563
1034,2.455142300632474
1035,2.454806286971509
1036,2.4542404632798083
1037,2.4535053873668735
1038,2.4531175592063277
1039,2.452836388403976
1040,2.452276250296541
1041,2.451544981958701
1042,2.4514740051100548
1043,2.451141357664714
1044,2.4502245428557803
1045,2.449509641880562
1046,2.44907223396269
1047,2.448796367133778
1048,2.4478657603019665
1049,2.4472348801850385
1050,2.4467424836067284
1051,2.44607193237362
1052,2.445833154782666
1053,2.4455412790176405
1054,2.4453021615442823
1055,2.444769040257061
1056,2.443898528417069
1057,2.443141242472446
1058,2.4426528463720816
1059,2.4422388677756337
1060,2.441244751697892
1061,2.441559036847345
1062,2.441539334725205
1063,2.440685485324707
1064,2.440271648398059
1065,2.4390941985233594
1066,2.4381729131170404
1067,2.4373580632531375
1068,2.4370656873350596
1069,2.4352536185834754
1070,2.434777558701125
1071,2.434115850567569
1072,2.4335605553457684
1073,2.433379682564354
1074,2.4325307067338064
1075,2.4320254773876435
1076,2.431393300092393
1077,2.430403993431976
1078,2.4301507586103335
1079,2.4297013584359908
1080,2.429000798216734
1081,2.4281383582793157
1082,2.427225027110739
1083,2.426458508326642
1084,2.4260496460824728
1085,2.4249378776710158
1086,2.424476701561382
1087,2.4241170169640536
1088,2.4242255989804242
1089,2.423048940699546
1090,2.4224798123570515
1091,2.421521757018724
1092,2.420653711252129
1093,2.4197614128220692
1094,2.4191124375792388
1095,2.4188681015778983
1096,2.4174705388169704
1097,2.4166874465525936
1098,2.4155891149875695
1099,2.4148415435795414
1100,2.414731153175785
1101,2.4143073282232312
1102,2.413495899752639
1103,2.4129283180689263
1104,2.4121167083420696
1105,2.411600547576107
1106,2.410318047198926
1107,2.410283268476932
1108,2.409681672817171
1109,2.409176742897815
1110,2.408806747544863
1111,2.4086988117516808
1112,2.4078937243716276
1113,2.4075281987458896
1114,2.4070181205345214
1115,2.406561898329214
1116,2.4062727910236403
1117,2.4060614110546084
1118,2.4054775573299763
1119,2.404556779338589
1120,2.404472144949632
1121,2.4039472181181445
1122,2.4024746284692218
1123,2.401879798222835
1124,2.401318532061845
1125,2.4010517897165067
1126,2.4001852615592005
1127,2.399641187294203
1128,2.398132705169718
1129,2.3972260346097194
1130,2.3966170480132893
1131,2.395789814360458
1132,2.395196315169501
1133,2.394274310062095
1134,2.393251640671461
1135,2.392519562455505
1136,2.3917740687054794
1137,2.3916587954993997
1138,2.3911951664796702
1139,2.390077982548575
1140,2.3890543769991663
1141,2.38776045872493
1142,2.3871363921667035
1143,2.3861662778487602
1144,2.385218732015906
1145,2.384193105506386
1146,2.384446016696429
1147,2.383367995334058
1148,2.3830276341380094
1149,2.38193585186388
1150,2.380960671852054
1151,2.3798911076535996
1152,2.3778308526391996
1153,2.3764514273207293
1154,2.374949444024254
1155,2.374205244496186
1156,2.373369842227722
1157,2.371998479433155
1158,2.371875266092966
1159,2.3706496471770517
1160,2.36956743044811
1161,2.3689896604447997
1162,2.367605245730166
1163,2.3658376811826893
1164,2.3644486094819483
1165,2.3632330692609984
1166,2.362924570328476
1167,2.3621498006549997
1168,2.36127441652697
1169,2.3604220237088205
1170,2.3593877661264897
1171,2.3579798445976
1172,2.356232049043844
1173,2.354498395459207
1174,2.353499235464757
1175,2.3525790434266654
1176,2.351351136760097
1177,2.3498020574453053
1178,2.348928576797498
1179,2.3487327038928347
1180,2.346811999171057
1181,2.3455057039889664
1182,2.344697074207893
1183,2.3426788832654224
1184,2.3412485748719645
1185,2.3401384061165293
1186,2.3381175231412934
1187,2.3371618762459723
1188,2.335328726306502
1189,2.333524800706153
1190,2.332424430271864
1191,2.3310006368721155
1192,2.329082658131255
1193,2.327037810121523
1194,2.3259448135473884
1195,2.3238041931477174
1196,2.32244751884592
1197,2.3211985158261794
1198,2.319203347046216
1199,2.3173925489956724
1200,2.3161815359750486
1201,2.3142597416508113
1202,2.3131900724449315
1203,2.3116999307021486
1204,2.3106255580951855
1205,2.309883532620538
1206,2.308378750228015
1207,2.3073486664496508
1208,2.3053262916237705
1209,2.3041989327758534
1210,2.3027501927677974
1211,2.3008617395487327
1212,2.2989453090866765
1213,2.2975817049908196
1214,2.2964342767854737
1215,2.29521857819587
1216,2.2934257970173895
1217,2.291611803591385
1218,2.29045143202914
1219,2.2894981839900583
1220,2.2884982975197294
1221,2.287198861125609
1222,2.2861303199229943
1223,2.283576835266783
1224,2.2819555390781097
1225,2.280113091580849
1226,2.278018210234767
1227,2.276410320624188
1228,2.2748860443035617
1229,2.273679152122324
1230,2.2719819810900703
1231,2.2704160711740795
1232,2.269337984278186
1233,2.267365106848176
1234,2.2663390222481388
1235,2.264998052083022
1236,2.2624994330518597
1237,2.2605243333831324
1238,2.25959869588234
1239,2.2577939633282185
1240,2.256119724877389
1241,2.254491478634236
1242,2.2533010278381016
1243,2.251775303835905
1244,2.2501761771918654
1245,2.2500478272167537
1246,2.2477227282163637
1247,2.2463629058007792
1248,2.2457781607691754
1249,2.24416506203896
1250,2.2430766502482538
1251,2.2411825702462185
1252,2.2398510834531105
1253,2.239283211602469
1254,2.2375795271220063
1255,2.2366961349743417
1256,2.2342117106421644
1257,2.2319880419963374
1258,2.2311758864039084
1259,2.229216014420154
1260,2.2277690394457768
1261,2.226976809825685
1262,2.224872099526388
1263,2.2241072863581866
1264,2.2233639540312917
1265,2.2225837276774114
1266,2.22144720147744
1267,2.2198844016281893
1268,2.2184473907425373
1269,2.216998360034315
1270,2.214977442668834
1271,2.2134795982221953
1272,2.2125358023850707
1273,2.2115891720688756
1274,2.2100276433348345
1275,2.2088786909243754
1276,2.2074399553016884
1277,2.206762845419898
1278,2.2054314625273084
1279,2.2039245712528364
1280,2.2025793056502283
1281,2.2012091417708053
1282,2.1999437336927747
1283,2.198374382486937
1284,2.197669428978739
1285,2.19695104196319
1286,2.1956121855373785
1287,2.1936606580741893
1288,2.1926172970168927
1289,2.1914181207085126
1290,2.190160029786347
1291,2.189085052991279
1292,2.1881569982098346
1293,2.187363356879976
1294,2.1861161183526066
1295,2.1848729534333695
1296,2.1839462949552173
1297,2.1830197541955783
1298,2.181944221820712
1299,2.1811728977709555
1300,2.1801375688591156
1301,2.1784042814025266
1302,2.1773568523601696
1303,2.176506935161599
1304,2.175274479220513
1305,2.1735159779326114
1306,2.1725361788512543
1307,2.1714232257362656
1308,2.170047774069441
1309,2.1687755150297026
1310,2.167823949202375
1311,2.166649214793828
1312,2.165126809797878
1313,2.1641988320507117
1314,2.1623874906788623
1315,2.1608840254951067
1316,2.159743690833288
1317,2.1584857867737024
1318,2.1576889462518514
1319,2.155422461142427
1320,2.1542984174371567
1321,2.1530578565743754
1322,2.1530369225645307
1323,2.151569659455037
1324,2.150520664299078
1325,2.1489799298918806
1326,2.1468699344510864
1327,2.1459667135422165
1328,2.1451678502720437
1329,2.143936236659547
1330,2.1430643001801406
1331,2.1412113197261595
1332,2.1405922410748617
1333,2.139738799840706
1334,2.138692161317952
1335,2.1373737919914344
1336,2.137280677876459
1337,2.13630122623757
1338,2.1353062493431283
1339,2.1345418195695838
1340,2.1336139598246158
1341,2.132413247782054
1342,2.1314008919069183
1343,2.1294265319819883
1344,2.1282122937160057
1345,2.127448241628307
1346,2.1256226626065926
1347,2.123771477588714
1348,2.1228411339439224
1349,2.1215563388529346
1350,2.120370682122873
1351,2.119511067590828
1352,2.118623531785887
1353,2.118077051827049
1354,2.116391427462261
1355,2.1147549841821807
1356,2.1141788300017716
1357,2.1123690388021266
1358,2.110458767591819
1359,2.1087699455572433
1360,2.108313496917705
1361,2.1075152012606617
1362,2.1067682051501824
1363,2.1059594687785017
1364,2.1041097973014913
1365,2.103124736899285
1366,2.1023873297086015
1367,2.101510814384266
1368,2.1006885887429427
1369,2.0996613739749197
1370,2.0990342468067005
1371,2.0987063128394996
1372,2.0976011078626167
1373,2.0963781411100277
1374,2.0963015456950536
1375,2.0957219217177983
1376,2.0943152099527538
1377,2.0936298868938352
1378,2.0924142992343886
1379,2.0910324410527403
1380,2.089975036860592
1381,2.0887898740445228
1382,2.086920907351291
1383,2.0852581012724416
1384,2.0839860647429034
1385,2.08242634905565
1386,2.0815895181270885
1387,2.0800375216946003
1388,2.0793263729681666
1389,2.078060828441848
1390,2.0773827572053474
1391,2.0759050826825782
1392,2.0753942709154014
1393,2.0749024444189073
1394,2.0743867039182855
1395,2.073393273543228
1396,2.0729346863697877
1397,2.0722171930894744
1398,2.071297155524987
1399,2.070523721150144
1400,2.068871011066588
1401,2.06791705085197
1402,2.0664693839300847
1403,2.065043572625537
1404,2.0634968630077433
1405,2.0633188017775566
1406,2.0629964107273566
1407,2.06187730206237
1408,2.0613698032470746
1409,2.060332340958989
1410,2.0596604908545917
1411,2.0585266949474117
1412,2.057518848350099
1413,2.0562001454820655
1414,2.055962458871863
1415,2.055660403679411
1416,2.055573325328418
1417,2.0551394730338854
1418,2.0543949027199364
1419,2.0527992064706524
1420,2.0518588458153606
1421,2.050693490302557
1422,2.0493920066277926
1423,2.0494662592763038
1424,2.048509840623065
1425,2.0473365922435263
1426,2.046036230809575
1427,2.044585089227899
1428,2.0432241129224673
1429,2.0423449965316327
1430,2.0412644583144095
1431,2.040376310089741
1432,2.039194910177314
1433,2.037849307338148
1434,2.0363003185134674
1435,2.035158052377573
1436,2.0347041579544722
1437,2.0336478382955967
1438,2.032999119162436
1439,2.0311124970315677
1440,2.030579420407892
1441,2.029820520312265
1442,2.029513106602492
1443,2.02916492992729
1444,2.0284184791108792
1445,2.02684230227387
1446,2.0262097669316703
1447,2.0262826480090523
1448,2.0250653999713566
1449,2.023674034884985
1450,2.0222436469149465
1451,2.0210790526593563
1452,2.0204285683125596
1453,2.02033343631551
1454,2.0199026944652676
1455,2.0195178489652443
1456,2.0191434326521382
1457,2.0183197185095936
1458,2.016831712544248
1459,2.016168816772977
1460,2.015326865722857
1461,2.014491692429701
1462,2.0139811473498757
1463,2.012567078735611
1464,2.0112890042392984
1465,2.0108022630987565
1466,2.009699126676961
1467,2.0085432443860363
1468,2.0080011379287965
1469,2.007190993004541
1470,2.006215738417735
1471,2.005560093540738
1472,2.0052291364971935
1473,2.0046006360922313
1474,2.0033629171936287
1475,2.001944116376917
1476,2.001308045576631
1477,2.000382581705656
1478,1.9986717583415015
1479,1.9972767166339913
1480,1.9969383185508538
1481,1.9958177303567166
1482,1.9945894274501743
1483,1.994160686882433
1484,1.99194073265101
1485,1.9916321308771707
1486,1.9910304309857625
1487,1.9905641085598949
1488,1.9898422653039496
1489,1.9887548649975653
1490,1.9882482828076298
1491,1.9871870043424866
1492,1.986518655548209
1493,1.9863994646500744
1494,1.9854144515457326
1495,1.9835430956508044
1496,1.9839286721838332
1497,1.9836804428449235
1498,1.983280184226825
1499,1.9832414554659945
1500,1.9821736569963229
1501,1.9811764431642578
1502,1.9801555978451315
1503,1.979398473208175
1504,1.9780353892077263
1505,1.9769860482677488
1506,1.976311631295619
1507,1.9753419935183394
1508,1.9743736429897085
1509,1.97375153611197
1510,1.9729174765735076
1511,1.9718758440944972
1512,1.9711865605309362
1513,1.9704939346479238
1514,1.969498663003
1515,1.968763281780141
1516,1.968065017143989
1517,1.9675521979793928
1518,1.9668815644049369
1519,1.9655090138549056
1520,1.964961581819232
1521,1.9640556497624677
1522,1.9634809037830572
1523,1.9617417389125047
1524,1.960870964059334
1525,1.9597572325413615
1526,1.959279109832673
1527,1.958237741789309
1528,1.9570018590619822
1529,1.9566415312198844
1530,1.9550261123043184
1531,1.9542281117638594
1532,1.9535016871361568
1533,1.9523319510351878
1534,1.9514432209309573
1535,1.9502702987616363
1536,1.949664443701168
1537,1.9481869762840538
1538,1.9471800968238329
1539,1.9472374352102322
1540,1.9475295610864107
1541,1.946751763253049
1542,1.9465435036341978
1543,1.9465944574827174
1544,1.9458903338932132
1545,1.9454129263852706
1546,1.9445410834345
1547,1.9434326375783406
1548,1.9427443408524696
1549,1.942384396223683
1550,1.9420460509696502
1551,1.941377501337739
1552,1.9408361079653422
1553,1.9399890704068654
1554,1.9394301556598
1555,1.937665638068302
1556,1.9363932851992087
1557,1.9354057001234288
1558,1.9343475800174448
1559,1.9330212393790098
1560,1.933068678875945
1561,1.9324603171926522
1562,1.9317822188085465
1563,1.9305715941734338
1564,1.9300155631383538
1565,1.9296916858202888
1566,1.9284775675465404
1567,1.9273565320876385
1568,1.9266413730912408
1569,1.9259842289370637
1570,1.9245868082667088
1571,1.9232613862264356
1572,1.9222924677823023
1573,1.921339799655294
1574,1.9209141785889459
1575,1.9208075171599586
1576,1.9194248579514028
1577,1.9185201888601544
1578,1.9174416861945542
1579,1.9170717138026028
1580,1.9153754344795535
1581,1.9140359114199976
1582,1.9120145606575707
1583,1.9103838380403055
1584,1.9098305230043529
1585,1.9087638940620575
1586,1.9091108477596432
1587,1.9087296986335824
1588,1.9080939621209327
1589,1.9070516192783553
1590,1.9055966377846645
1591,1.903971592960795
1592,1.9028521740143294
1593,1.902193864626755
1594,1.9006637355031653
1595,1.899728073669994
1596,1.8990819280481872
1597,1.8984204670423077
1598,1.8975459950984648
1599,1.896755016392937
1600,1.8963092969015651
1601,1.8961873712174402
1602,1.8953035188507696
1603,1.89485834305841
1604,1.8945375559732427
1605,1.894135897203784
1606,1.8932795059160499
1607,1.892487203761596
1608,1.8913898410111323
1609,1.890220712708976
1610,1.8898491120992058
1611,1.889088980309645
1612,1.8868855493400791
1613,1.8859976565829528
1614,1.8842207490674439
1615,1.8836137514597522
1616,1.8833711405655365
1617,1.8829270997503804
1618,1.8825614483040787
1619,1.8826912170911405
1620,1.8819668356318557
1621,1.8814867773120105
1622,1.8803512014642567
1623,1.8795010076504257
1624,1.8785221296559254
1625,1.8772745573173235
1626,1.8767646172421442
1627,1.875590139468682
1628,1.874870617353289
1629,1.874452887356382
1630,1.872938046070436
1631,1.8721250599903358
1632,1.8700798499740008
1633,1.8690866821203338
1634,1.868793104224387
1635,1.8676053677502509
1636,1.8670459892961553
1637,1.8661093692462551
1638,1.8650280289720782
1639,1.864189067265775
1640,1.86347676953252
1641,1.8627326338267756
1642,1.8620555825830403
1643,1.8607426010812207
1644,1.859998608110347
1645,1.8598431515578813
1646,1.8594240328199365
1647,1.8589501894430485
1648,1.85821831490376
1649,1.8576671745425746
1650,1.8570581802452961
1651,1.8558387500197542
1652,1.856263846090221
1653,1.8549436872523704
1654,1.8541974240953967
1655,1.8540026138352295
1656,1.8528500598991318
1657,1.8519921849447405
1658,1.8507894574873007
1659,1.8499349432475278
1660,1.848925724401193
1661,1.8475742364710914
1662,1.8476591229727486
1663,1.8466370199009583
1664,1.846191186508249
1665,1.8456473175929948
1666,1.8443288775048678
1667,1.8438252516912206
1668,1.8424774088621385
1669,1.8415894624190572
1670,1.841221823122611
1671,1.840119015326083
1672,1.8396358789274898
1673,1.8385956890627155
1674,1.8374715323348365
1675,1.8367367634770804
1676,1.835923392038105
1677,1.8354961634589702
1678,1.8346729427273274
1679,1.8339659955800867
1680,1.833165820337064
1681,1.8326141400921268
1682,1.8313878111553354
1683,1.8299913185697714
1684,1.8289091585382504
1685,1.8284870169896472
1686,1.8284108140758493
1687,1.8279803002593895
1688,1.8272538861258447
1689,1.8264109988024977
1690,1.8259711214930738
1691,1.8253510640114852
1692,1.824660254431695
1693,1.8237854761428351
1694,1.8224742253716568
1695,1.8222405277981226
1696,1.8218169999150422
1697,1.8207302983788078
1698,1.820146678911018
1699,1.8192452254353366
1700,1.8184614146957034
1701,1.8176808013424326
1702,1.816617312116121
1703,1.8156911762963146
1704,1.814838246878207
1705,1.8143596725152888
1706,1.8140876510696828
1707,1.8136411331671551
1708,1.8123577080295994
1709,1.811639387735127
1710,1.811677824002336
1711,1.811304500829174
1712,1.8110237500154711
1713,1.8108186353705389
1714,1.810506589102032
1715,1.8101313586528465
1716,1.809844790496971
1717,1.8089521549409378
1718,1.8087939248304004
1719,1.8070970063710239
1720,1.8056818433203246
1721,1.804941479349731
1722,1.804021869008647
1723,1.8029711123573862
1724,1.8021333812418303
1725,1.801639798757222
1726,1.8008013377659031
1727,1.7999680254728654
1728,1.7986369341208177
1729,1.7976225508651895
1730,1.7968312445813146
1731,1.7960254733426424
1732,1.7954603839883994
1733,1.7940350930681224
1734,1.793363152898807
1735,1.792719640908946
1736,1.7915107315845722
1737,1.790124510521301
1738,1.7892862622923813
1739,1.7879156724301397
1740,1.7877865766062013
1741,1.7872447065395316
1742,1.7862683818781928
1743,1.785626339149839
1744,1.7843461854137173
1745,1.784102627279326
1746,1.783417966434484
1747,1.7829084248738913
1748,1.78202660067573
1749,1.7808663972220908
1750,1.780280201975708
1751,1.7798697220855162
1752,1.779347429496223
1753,1.7784974503772764
1754,1.7780933477175396
1755,1.7771867322661794
1756,1.7766495589001527
1757,1.7757313882024963
1758,1.7751089713988346
1759,1.7739569797493309
1760,1.7730037901093307
1761,1.7718939283116608
1762,1.7704337156466117
1763,1.7700261428275148
1764,1.7691675606600514
1765,1.768635550694409
1766,1.7687290123756807
1767,1.7683058614952325
1768,1.7671837022616963
1769,1.7667838377257397
1770,1.7666558545480378
1771,1.7657559974210664
1772,1.7650810013167917
1773,1.7641267461929522
1774,1.7638895608670242
1775,1.7635221504899852
1776,1.7622734545924597
1777,1.761638221191681
1778,1.7609652931554816
1779,1.760157219763838
1780,1.758959743531861
1781,1.7578772259645379
1782,1.7568352009688677
1783,1.7563768130658235
1784,1.7555178634400965
1785,1.7550094115172112
1786,1.7545156824276444
1787,1.7537401895455405
1788,1.7532925396280734
1789,1.7523860273097858
1790,1.751550066330851
1791,1.75099696884716
1792,1.750398232606661
1793,1.7500204068285816
1794,1.7491006137356502
1795,1.7481490699248348
1796,1.7475306710840164
1797,1.7473275938447397
1798,1.746397701227641
1799,1.7458215061599973
1800,1.7448488745788202
1801,1.7436424950982607
1802,1.7428219599545962
1803,1.7425426520268665
1804,1.7416842396868601
1805,1.741184518287288
1806,1.740832756994876
1807,1.7403529048144206
1808,1.739821080463707
1809,1.7397278515653094
1810,1.7391604940884466
1811,1.7377906586306586
1812,1.7372445641622691
1813,1.7360410375488236
1814,1.736354942463893
1815,1.7352715423069371
1816,1.7345125492964917
1817,1.7339443624241788
1818,1.7334488557794856
1819,1.7333409357546552
1820,1.7332295903671988
1821,1.7324680346774084
1822,1.7325396670258524
1823,1.7315884433874837
1824,1.731335610810475
1825,1.7306021333240322
1826,1.7301637080205277
1827,1.7292690372422277
1828,1.7287433360055924
1829,1.72814701018285
1830,1.7271278092980404
1831,1.7264594954178352
1832,1.725841545610339
1833,1.7251832714455688
1834,1.7256895099244332
1835,1.7249029149888535
1836,1.7246474509311724
1837,1.7235073728537111
1838,1.7226833511900939
1839,1.7222280877154863
1840,1.7216334805662792
1841,1.7214344501952186
1842,1.7217636757344659
1843,1.7211382738933605
1844,1.7199055490038722
1845,1.7191134785015474
1846,1.7185808416715374
1847,1.7179416438520838
1848,1.717564565754858
1849,1.7167683076467004
1850,1.7162266769979169
1851,1.7155824155603143
1852,1.7143376694097525
1853,1.7140100424940308
1854,1.713141504222733
1855,1.7119289060718719
1856,1.7115669878205821
1857,1.7117300839467389
1858,1.7109398987907838
1859,1.7102538013536033
1860,1.7100711114005975
1861,1.7086366440714198
1862,1.7081697489165844
1863,1.707268296801717
1864,1.7056104067377225
1865,1.7044747138960894
1866,1.703939094110813
1867,1.7043134896806842
1868,1.7038879130557105
1869,1.703532548307322
1870,1.702194066969319
1871,1.7022580113860055
1872,1.7020042310868744
1873,1.7006981757581972
1874,1.699426712548209
1875,1.6994083268606297
1876,1.6988854122460246
1877,1.6989417105967157
1878,1.6986582284622656
1879,1.6980832677428126
1880,1.6973473509269272
1881,1.6964891428266933
1882,1.6955519041443536
1883,1.694023878833073
1884,1.693080134025424
1885,1.693064401839758
1886,1.6917967860785061
1887,1.690683509467959
1888,1.6903317032731984
1889,1.6895269736953444
1890,1.6886853597165854
1891,1.687482551055121
1892,1.6866783326969825
1893,1.686826358793592
1894,1.6863307626518085
1895,1.6853740181568289
1896,1.683951560529288
1897,1.6833478309658887
1898,1.6829572677601148
1899,1.6819857006062064
1900,1.6813416683567777
1901,1.6810312731877317
1902,1.6807455228307886
1903,1.680187272072659
1904,1.679758012791484
1905,1.6790897100071203
1906,1.6788129027607133
1907,1.6787736510836728
1908,1.6786018202395812
1909,1.6776436048644527
1910,1.6772899596233954
1911,1.6769093196563913
1912,1.6768046945883368
1913,1.675948637718207
1914,1.6756703122798218
1915,1.6753676151292267
1916,1.6753480882203189
1917,1.674050570501933
1918,1.6744125804847165
1919,1.6740631786102822
1920,1.6741778966359768
1921,1.6736607378960675
1922,1.6732053039189385
1923,1.6727736771267534
1924,1.6728904315390827
1925,1.6721464891421267
1926,1.6711837062442025
1927,1.6704869136233773
1928,1.6702697598655276
1929,1.669359617754307
1930,1.6688351721147667
1931,1.6686752002207808
1932,1.6686691488378251
1933,1.6688193063578947
1934,1.668227272533288
1935,1.6678780378469351
1936,1.6673082912303163
1937,1.6661919232458284
1938,1.6658167790100378
1939,1.6650347184847685
1940,1.6639041267113561
1941,1.6632173584929248
1942,1.6619986212740856
1943,1.6608215107680069
1944,1.6601663469749186
1945,1.6595172292677505
1946,1.6591604108168865
1947,1.6588571750584347
1948,1.658885652799789
1949,1.6577345000503423
1950,1.6574505652449532
1951,1.6570610654108489
1952,1.656900593709718
1953,1.6567216091258679
1954,1.6566501380448826
1955,1.6559621082759284
1956,1.6550105988260164
1957,1.6548297985087368
1958,1.65400870760448
1959,1.6532754067357767
1960,1.652819740424639
1961,1.6528555201461756
1962,1.652791244788113
1963,1.6520084763994614
1964,1.6511920822582826
1965,1.650234709805622
1966,1.6499956496694157
1967,1.6500857678230305
1968,1.65044014205855
1969,1.649025098277285
1970,1.6482836710187705
1971,1.648253914975867
1972,1.648242888170948
1973,1.647556732666593
1974,1.6473727436469585
1975,1.6459381619467794
1976,1.6460731949991951
1977,1.6451239581957688
1978,1.6452768560383841
1979,1.644980834107741
1980,1.6458100816185488
1981,1.6454855376247277
1982,1.6449112036117353
1983,1.6449503846489062
1984,1.6441953369550126
1985,1.6439090077877814
1986,1.6432480274344246
1987,1.6432025906970764
1988,1.642009361980364
1989,1.6419554701547276
1990,1.6411296792902987
1991,1.6401431304928533
1992,1.6389383208615118
1993,1.6375570926294012
1994,1.6373234340112186
1995,1.6371532640446784
1996,1.6359681044377656
1997,1.6354808123181876
1998,1.634282014076432
1999,1.6333532898410459
2000,1.632993250430486
2001,1.6327755212327282
2002,1.6324602179079881
2003,1.6317871197166678
2004,1.630170156600136
2005,1.6291742812009824
2006,1.6292810416821568
2007,1.628718989001895
2008,1.627832829722803
2009,1.6269040093557638
2010,1.6260612831534813
2011,1.6261254566412602
2012,1.626069955145459
2013,1.6253985220917442
2014,1.6256387477749397
2015,1.6247272420645886
2016,1.6250318720089107
2017,1.6249727552596507
2018,1.6245437533214193
2019,1.6247261537257247
2020,1.6237488239686235
2021,1.6233027276085747
2022,1.6228117301814948
2023,1.6224313942251734
2024,1.6222929064735738
2025,1.6217088041920333
2026,1.6212552642280351
2027,1.620684194797814
2028,1.6207090275186788
2029,1.6205315899416328
2030,1.6194724815421533
2031,1.619519979733881
2032,1.6184264150848822
2033,1.6178482791820188
2034,1.6178091165044148
2035,1.6171287354514872
2036,1.617112084185298
2037,1.6168645666799062
2038,1.6161311123595528
2039,1.615614637210903
2040,1.6152900353922832
2041,1.6151335281071366
2042,1.6146217363177295
2043,1.614955591912725
2044,1.6146413290506056
2045,1.6145907171493117
2046,1.6131474178400473
2047,1.6132140955666205
2048,1.6125995390924526
2049,1.6122068842099566
2050,1.612424818898194
2051,1.61175723797128
2052,1.6113253172986157
2053,1.6099223802504339
2054,1.6095208815551847
2055,1.6092434940716336
2056,1.607835925978531
2057,1.6072938352970954
2058,1.6072469623829626
2059,1.607014993678211
2060,1.607085542136098
2061,1.6062506392882188
2062,1.6066123322824837
2063,1.6063265898482597
2064,1.6052166176521245
2065,1.6051275278756811
2066,1.6053516970790622
2067,1.605313094514892
2068,1.604822416521231
2069,1.6048218105522565
2070,1.6039036461116887
2071,1.6032182881667192
2072,1.6028467658405796
2073,1.6025266764939219
2074,1.6027645655485772
2075,1.601839502280208
2076,1.6016464317170258
2077,1.6009446059307382
2078,1.6006203787672626
2079,1.5999362487798081
2080,1.5992425722699406
2081,1.59914367138988
2082,1.5995909890021214
2083,1.599984914270602
2084,1.5995837982529513
2085,1.5987626216126907
2086,1.5984859894998034
2087,1.5980572524330432
2088,1.5979284471480235
2089,1.5976088342750094
2090,1.5976272348294995
2091,1.597139140492254
2092,1.5968914041072746
2093,1.5958185490933663
2094,1.5953894928125794
2095,1.5945737983313888
2096,1.5945175231513515
2097,1.5937730266846013
2098,1.5929944656603394
2099,1.5924230594899855
2100,1.5921041059372096
2101,1.5915248626589502
2102,1.5909852756497591
2103,1.5906910532681726
2104,1.5904785157530714
2105,1.5894631010356968
2106,1.589098366183257
2107,1.588491022825809
2108,1.5885676302867733
2109,1.5878800069481582
2110,1.5875266374038302
2111,1.586919612613212
2112,1.5862670119487772
2113,1.5853882913158197
2114,1.584757118888551
2115,1.5845432282273937
2116,1.584569137172825
2117,1.584599212864427
2118,1.5846629907073584
2119,1.5836319313441083
2120,1.5833249018862325
2121,1.5833595537889986
2122,1.5828730544322738
2123,1.5825455303248295
2124,1.5820074694307047
2125,1.5816268806271128
2126,1.580893951149794
2127,1.5799637261452002
2128,1.5793787748568542
2129,1.5785842439268252
2130,1.578138283363932
2131,1.577714471859251
2132,1.5769480437692647
2133,1.576899601940663
2134,1.5764144186634463
2135,1.5761196174193888
2136,1.5755565308342456
2137,1.5750004311356822
2138,1.5746429887170394
2139,1.5748481389105025
2140,1.5741617373124073
2141,1.5741820631092194
2142,1.5734238365999953
2143,1.5725016531266625
2144,1.5723965201953547
2145,1.5725281152621813
2146,1.5722139584249246
2147,1.5718159577331412
2148,1.5706332777996697
2149,1.5695054437675715
2150,1.5698931268691487
2151,1.5693373730582671
2152,1.569105100809199
2153,1.5695246612380833
2154,1.5688567145907752
2155,1.5684894212642309
2156,1.5678879104840573
2157,1.5679037436974108
2158,1.5674105489084542
2159,1.5675212569785946
2160,1.5674867021240568
2161,1.5671129106932702
2162,1.5668431951467938
2163,1.5669835846809002
2164,1.566309413151314
2165,1.566957886238538
2166,1.5664643801403542
2167,1.5662797758986007
2168,1.5655156012981395
2169,1.5652062467611905
2170,1.565568217082772
2171,1.5649003921698277
2172,1.564900196788284
2173,1.5649265126919958
2174,1.5642617681627957
2175,1.5634867199485876
2176,1.5633895018955934
2177,1.5629659591988376
2178,1.5624740808107593
2179,1.56208557398321
2180,1.562082349270361
2181,1.561055395831249
2182,1.5608844859927795
2183,1.559849556034734
2184,1.5600284451554336
2185,1.5594772044841365
2186,1.5586169188363788
2187,1.5579716238022416
2188,1.55789942534643
2189,1.5578723634485407
2190,1.5568643688658796
2191,1.5565814163197997
2192,1.5555820626210892
2193,1.5553693881579131
2194,1.5548246086367898
2195,1.5545394715780372
2196,1.5545805719665753
2197,1.5538716938722754
2198,1.5533549298938167
2199,1.5535570740594598
2200,1.5525752465621878
2201,1.5520166696590507
2202,1.5517374613536077
2203,1.5512306709964696
2204,1.5516222091001302
2205,1.5510923965824037
2206,1.5506062084407946
2207,1.550458382615637
2208,1.5494691443723514
2209,1.5498446887767745
2210,1.549312279692859
2211,1.5483082933725307
2212,1.548233319464461
2213,1.5476760508222116
2214,1.546379276193249
2215,1.5457545943215751
2216,1.5463377510122616
2217,1.546479344876599
2218,1.5462312727190572
2219,1.545918107473569
2220,1.5451897768525706
2221,1.5446256753386516
2222,1.5444228638658752
2223,1.5442030753355058
2224,1.5435211880155024
2225,1.543341148166325
2226,1.5427813153496357
2227,1.542625857652262
2228,1.5424042199013772
2229,1.5421082962432482
2230,1.5420643604895867
2231,1.5417697122454015
2232,1.542014840537725
2233,1.5415399654989737
2234,1.540915228982726
2235,1.541219029524684
2236,1.541203851128404
2237,1.5414255685928355
2238,1.541040067551179
2239,1.541306793475241
2240,1.5412711415573048
2241,1.5409867167081839
2242,1.540663241109677
2243,1.5406000602108234
2244,1.5408043754204863
2245,1.5400655355317054
2246,1.5404464543399616
2247,1.5395294310377694
2248,1.5391492537748936
2249,1.5397066603352905
2250,1.539056634470351
2251,1.5395415473513174
2252,1.5385009491008244
2253,1.538487329750308
2254,1.5380619644876996
2255,1.5380262663127526
2256,1.5374260870176866
2257,1.537145230472798
2258,1.5370032360501096
2259,1.5364212404628659
2260,1.5367576907794935
2261,1.5366632678217527
2262,1.5364076883936622
2263,1.5360408675191606
2264,1.5354176921136626
2265,1.5353170719978908
2266,1.5345274795584825
2267,1.5333254458211947
2268,1.533523180412156
2269,1.5345196202997016
2270,1.5344930138281558
2271,1.5342261200318479
2272,1.5343617432382057
2273,1.534816705028715
2274,1.5355172320044956
2275,1.5360498301744643
2276,1.5355471153168856
2277,1.5360600065714916
2278,1.5357938044564192
2279,1.5351511181027035
2280,1.5348760690110657
2281,1.5355206129651644
2282,1.535482271685933
2283,1.535208295674364
2284,1.5346917222672856
2285,1.534729599209574
2286,1.534086429344523
2287,1.5341201806084017
2288,1.5331362514034297
2289,1.5327690915036876
2290,1.5329485251757804
2291,1.5320718260574577
2292,1.5321182390579455
2293,1.5317345870453414
2294,1.5312693441569736
2295,1.5308393007682495
2296,1.5304901300711828
2297,1.53067158628171
2298,1.5306291694372098
2299,1.5295921819041784
2300,1.529858514020642
2301,1.5302028658616587
2302,1.529371238010673
2303,1.5285700543049943
2304,1.5280247552849344
2305,1.528053957540228
2306,1.5279144739628487
2307,1.5285446701059977
2308,1.527945207005544
2309,1.5281333088049167
2310,1.5285443941737709
2311,1.5278144071882753
2312,1.527609474120346
2313,1.5263666670765987
2314,1.5269101907831015
2315,1.5269134856284807
2316,1.5265739497225213
2317,1.526119487081678
2318,1.5261293000606866
2319,1.5263159926429994
2320,1.525998749194711
2321,1.5256442557781995
2322,1.5255505248298107
2323,1.5249879896940848
2324,1.524255819469295
2325,1.5237826907660663
2326,1.5228939791466374
2327,1.5214166550980674
2328,1.5210121233228577
2329,1.5206603212937173
2330,1.5201867901989587
2331,1.519738544030447
2332,1.5197725785010954
2333,1.5194873120774053
2334,1.519768168157482
2335,1.51991322341921
2336,1.5203115821808064
2337,1.520492751927266
2338,1.520767100990283
2339,1.5211725244657777
2340,1.5209643278064182
2341,1.5204095336666716
2342,1.5205635721498323
2343,1.5206144512805662
2344,1.5198654484640612
2345,1.5198986757649215
2346,1.5195039757367144
2347,1.5195835903595534
2348,1.5196255709533328
2349,1.5191829344121959
2350,1.5195372360625445
2351,1.5196862161681062
2352,1.5186557831083245
2353,1.5185875881195283
2354,1.5185139358749602
2355,1.517564724395315
2356,1.5169896025453482
2357,1.5171001998796647
2358,1.5166786642124548
2359,1.5160925508166638
2360,1.515793750108558
2361,1.5147515448260829
2362,1.514402977037624
2363,1.5146624815265652
2364,1.5151949088140637
2365,1.5148854578690751
2366,1.5155408007556084
2367,1.5154175367157465
2368,1.515490736770311
2369,1.5160147337948535
2370,1.5164107558189381
2371,1.5162406360623615
2372,1.5162932113416026
2373,1.5162764448816468
2374,1.5161649276531728
2375,1.5163040920021784
2376,1.5158233289563852
2377,1.5149746453515005
2378,1.5148298336502202
2379,1.514704154488202
2380,1.5156377506510625
2381,1.5158455230008647
2382,1.5155797414051357
2383,1.5154956169749823
2384,1.5146408490408476
2385,1.514532947125796
2386,1.5139027634373388
2387,1.5141611857343575
2388,1.514319048311937
2389,1.5143473917910413
2390,1.5143513527686971
2391,1.5139406937591302
2392,1.5135771626102354
2393,1.5132416492690721
2394,1.5126382809748529
2395,1.5119355861179902
2396,1.5120709912932133
2397,1.5122828218755218
2398,1.5121443870414049
2399,1.5124198546701446
2400,1.5129923995017907
2401,1.5132693199481868
2402,1.5135858155491926
2403,1.5137822174289741
2404,1.514223154424999
2405,1.514015288073407
2406,1.5134249070288883
2407,1.5127338262619676
2408,1.5133430666106602
2409,1.5126777577648667
2410,1.5125779182200736
2411,1.512530038463613
2412,1.512526928100377
2413,1.5122570657125334
2414,1.5123863178614176
2415,1.512257402634713
2416,1.5123607343297911
2417,1.5118931827291329
2418,1.5116466311015277
2419,1.5111804798096058
2420,1.510833359852696
2421,1.5105177513295007
2422,1.510696786294671
2423,1.5095950918369354
2424,1.5099157494141067
2425,1.5095113644795355
2426,1.5101552517414891
2427,1.5107571336603949
2428,1.5109968364156536
2429,1.5110992964425591
2430,1.5105975358478754
2431,1.5104369285719272
2432,1.5103745074824835
2433,1.508960345141214
2434,1.508802662667711
2435,1.5085367232258498
2436,1.5081772232355148
2437,1.5079786860759499
2438,1.5078258047639463
2439,1.507213708910977
2440,1.5069186993544919
2441,1.506338099434327
2442,1.506323134301567
2443,1.505360304008419
2444,1.5049995779163488
2445,1.5050585447930802
2446,1.505174063007021
2447,1.5042651251085444
2448,1.5036651174252516
2449,1.503375822149195
2450,1.5034457540170632
2451,1.5039996788643952
2452,1.5040767697521342
2453,1.5031466311084953
2454,1.502731959556577
2455,1.502957674388425
2456,1.5022405404586094
2457,1.5023231333855518
2458,1.5019777844187074
2459,1.5018299843112355
2460,1.5019357515111498
2461,1.502075278210663
2462,1.5016581942429768
2463,1.501287193615716
2464,1.5011465439092035
2465,1.5004574143005507
2466,1.5012845978588696
2467,1.5006373057506301
2468,1.5007503373570226
2469,1.5004762292190434
2470,1.5006466009893378
2471,1.501322543691078
2472,1.5022557609767413
2473,1.5023613835196576
2474,1.5025752289617522
2475,1.503181218450663
2476,1.503497011024246
2477,1.502693747706532
2478,1.5025750991928313
2479,1.5031452545804955
2480,1.5027067496277406
2481,1.5023785524785085
2482,1.5021856986835769
2483,1.502896806010412
2484,1.5021356757488158
2485,1.502715845076857
2486,1.5021195073775901
2487,1.501600842739682
2488,1.5017145568571786
2489,1.5015063036037934
2490,1.5015012901606544
2491,1.5007299828480418
2492,1.500236889023753
2493,1.500226457807609
2494,1.5003450551582622
2495,1.5002336385025763
2496,1.500571489784191
2497,1.5003876309037294
2498,1.5001184570820414
2499,1.499891917255586
2500,1.4998996745945257
2501,1.4993611575735823
2502,1.499478247318839
2503,1.4989587923120375
2504,1.4983726432945625
2505,1.4989345488156647
2506,1.4998683381936604
2507,1.49932454227253
2508,1.4992483774311078
2509,1.4991055457887053
2510,1.4990837095692813
2511,1.4992198761448023
2512,1.4990454661669197
2513,1.499047183281722
2514,1.4985135972706591
2515,1.4978928908312275
2516,1.4976774861128999
2517,1.4976238721129929
2518,1.4975673893339714
2519,1.497573967820638
2520,1.4971921667708046
2521,1.4967799787469729
2522,1.496120380625433
2523,1.495223663568497
2524,1.4945494034624103
2525,1.494692492560673
2526,1.4946272626664296
2527,1.4941761193715668
2528,1.4939612690689437
2529,1.4943629937569922
2530,1.4949991842564556
2531,1.4948422020323557
2532,1.495195985986246
2533,1.4940652906203116
2534,1.4934636173762645
2535,1.4936202301338724
2536,1.4930078815500243
2537,1.4932575371323722
2538,1.49409043307399
2539,1.494111995746586
2540,1.493659933043416
2541,1.4936578214568275
2542,1.493734456459118
2543,1.4943497437360331
2544,1.4944227350711818
2545,1.4936444020967479
2546,1.493078848477878
2547,1.4928607618228042
2548,1.4930022662785785
2549,1.4932578754215433
2550,1.4934893155846212
2551,1.4930682006138711
2552,1.4937162631953744
2553,1.493569196613718
2554,1.4938839293768476
2555,1.4931652530933877
2556,1.492658375224208
2557,1.492985025396268
2558,1.4931760126782596
2559,1.493147234970776
2560,1.492628970580656
2561,1.4927448293175414
2562,1.4922698203120621
2563,1.4926627828802776
2564,1.4925887420816808
2565,1.4925647288901327
2566,1.4924006362891062
2567,1.4925588820510256
2568,1.4924378670305494
2569,1.4923580057928436
2570,1.4925791120687408
2571,1.4920593093073466
2572,1.492225785894332
2573,1.4909933188023914
2574,1.4908824673189216
2575,1.4906099963859343
2576,1.490176167696924
2577,1.4902713855882554
2578,1.490454907175349
2579,1.4900360868943907
2580,1.4898955447715236
2581,1.4899181404488167
2582,1.4896400723061305
2583,1.489837846173576
2584,1.4901637055411505
2585,1.4902509043192742
2586,1.4903185683274627
2587,1.4896966337590092
2588,1.4896568080822727
2589,1.489880594871372
2590,1.489431499438178
2591,1.4884632053144353
2592,1.4885117369616256
2593,1.4885321945517997
2594,1.4881771938759432
2595,1.4887121190650443
2596,1.4877116494002656
2597,1.4881749757498761
2598,1.4883649536175385
2599,1.4885173670886753
2600,1.4882645725995323
2601,1.4880734989438673
2602,1.4879008594360288
2603,1.48799677033645
2604,1.4871556424362824
2605,1.4868260794876116
2606,1.4865882113097246
2607,1.4862823446817968
2608,1.4861432322882828
2609,1.4857941087924196
2610,1.4858836889769533
2611,1.4858483582035484
2612,1.4853787679582702
2613,1.4849759091861714
2614,1.4841827053754644
2615,1.483657815153453
2616,1.4835730053317073
2617,1.483644880472113
2618,1.4828363355657652
2619,1.4830044164983405
2620,1.4829101679358296
2621,1.4825759549221142
2622,1.4820216328794886
2623,1.4818534726179864
2624,1.481826035657692
2625,1.4810727170204963
2626,1.4805807964477866
2627,1.4809379596058976
2628,1.4811610120707315
2629,1.481561931710451
2630,1.4811095484954009
2631,1.4813588880583297
2632,1.4811389611783583
2633,1.481427745351245
2634,1.4810656146232972
2635,1.4800875122650659
2636,1.4805636772114148
2637,1.48066966307423
2638,1.480674046683473
2639,1.4808202422062549
2640,1.4805887341173483
2641,1.4807274996915016
2642,1.4810648797437531
2643,1.4811759572938366
2644,1.4806679457506515
2645,1.4816537756402648
2646,1.4814396859711179
2647,1.481909340051378
2648,1.4822381990343472
2649,1.4817294395015972
2650,1.480935745410662
2651,1.4804097429047924
2652,1.4804822125860337
2653,1.480444308961602
2654,1.4811229317469086
2655,1.4813077069223952
2656,1.4808703860206416
2657,1.4810192875615509
2658,1.480659839977892
2659,1.4805549930738116
2660,1.4804671776476075
2661,1.480464293235433
2662,1.4804107668006559
2663,1.4804282533689397
2664,1.4808002714924788
2665,1.480452006312263
2666,1.4800616184344004
2667,1.4804679701607135
2668,1.4802779971443707
2669,1.4808096423253847
2670,1.480842115860713
2671,1.4807204007445791
2672,1.4807349252057311
2673,1.4805334165896171
2674,1.4803747288486453
2675,1.481101039355901
2676,1.4809921678302576
2677,1.480709451682362
2678,1.480916877867831
2679,1.4807998091741523
2680,1.4805985144524614
2681,1.4810952177359524
2682,1.4812634025116351
2683,1.4816161999521251
2684,1.481704559050922
2685,1.4817654351398009
2686,1.4821852798069084
2687,1.4823390257068945
2688,1.4818391048386002
2689,1.4812931611741402
2690,1.4805100117835126
2691,1.4799322159706025
2692,1.4798513605382144
2693,1.4802150419456142
2694,1.479733589617444
2695,1.479083524606101
2696,1.4792773019594379
2697,1.4795794607694923
2698,1.479520187285151
2699,1.4796171643301583
2700,1.480139102221076
2701,1.4805547928481633
2702,1.480495093361134
2703,1.4803003054198451
2704,1.4797176605175029
2705,1.478681711752801
2706,1.4781939949905842
2707,1.4779264679540844
2708,1.4778887506296097
2709,1.4780442915807626
2710,1.4770597774189167
2711,1.4771740837130372
2712,1.476986738360798
2713,1.4768210618401947
2714,1.4771860902837193
2715,1.476424299878344
2716,1.4758591126783844
2717,1.4763294849749875
2718,1.4762264873660944
2719,1.476074590122282
2720,1.4764808455694398
2721,1.476402083913178
2722,1.4766892821412254
2723,1.4770828718150206
2724,1.4772810973247348
2725,1.4775730479528557
2726,1.4773283182178587
2727,1.4768352587046978
2728,1.477298834864527
2729,1.477198632722443
2730,1.4774224236826485
2731,1.4766435970580556
2732,1.4762924296380737
2733,1.4762104506360716
2734,1.4766513252224407
2735,1.4765347644772693
2736,1.4767429960752363
2737,1.4770493684535362
2738,1.476714220718407
2739,1.4769859589480818
2740,1.477077623188157
2741,1.477563264747526
2742,1.4781710008029785
2743,1.4778667689621203
2744,1.4774708653722761
2745,1.4779033449421195
2746,1.4770972497649262
2747,1.4771739208737538
2748,1.4773672021189068
2749,1.4770892958664457
2750,1.4768483045505572
2751,1.477047051464612
2752,1.476205601459337
2753,1.4763786072356313
2754,1.476158951255317
2755,1.476063796522203
2756,1.4760086155624619
2757,1.4761866148668132
2758,1.4757224214107245
2759,1.4766678538113673
2760,1.4765855784879172
2761,1.4764965944839241
2762,1.47608731765406
2763,1.4751802949833825
2764,1.474873659546514
2765,1.4749791860427786
2766,1.4739704842417838
2767,1.4736939625688805
2768,1.473480086884245
2769,1.4734382900934595
2770,1.4728784278903757
2771,1.4735093650775022
2772,1.4728529762035338
2773,1.4734182183533524
2774,1.473141102403186
2775,1.4734455027596023
2776,1.4729883977619358
2777,1.4742445173532366
2778,1.4735044867016063
2779,1.474181022009536
2780,1.4738025093536165
2781,1.4741389763326818
2782,1.4748022401066567
2783,1.474966789767872
2784,1.4740519724051317
2785,1.4737168484652994
2786,1.4738125116676548
2787,1.472876763028845
2788,1.4731720401538273
2789,1.4738120062568787
2790,1.4745588758538786
2791,1.4747107475769132
2792,1.4740373953954555
2793,1.4735109817465797
2794,1.4739350020141444
2795,1.473135174559158
2796,1.4732032704568605
2797,1.472802005455133
2798,1.4728975762926857
2799,1.47252852247191
2800,1.4723760834883837
2801,1.47214037622215
2802,1.472062838835494
2803,1.4722974925316539
2804,1.472608129232687
2805,1.4716854294623642
2806,1.4714573077833648
2807,1.4713213506764646
2808,1.4710586919544086
2809,1.4709391376450447
2810,1.4713888455880972
2811,1.4720187826617785
2812,1.4715466434549236
2813,1.4713580592567845
2814,1.4707636460078977
2815,1.4715280381763933
2816,1.4716099734074333
2817,1.4708930053578941
2818,1.4707520360054358
2819,1.4711963378604003
2820,1.4712578036736879
2821,1.4708918168926641
2822,1.4711135131208815
2823,1.4709995977130477
2824,1.4707916967278722
2825,1.470881168083537
2826,1.4705049399092442
2827,1.4702072039726928
2828,1.4701791327768448
2829,1.47019789289856
2830,1.470897816399689
2831,1.4712109262986546
2832,1.471055966748664
2833,1.4704467313400822
2834,1.4703939306511162
2835,1.4700968365687337
2836,1.4704189136427483
2837,1.4703728395805562
2838,1.4697557947381028
2839,1.469152430704913
2840,1.4694137092545112
2841,1.4697287326844723
2842,1.469903280822073
2843,1.469477218665562
2844,1.4695576960169519
2845,1.469144548936365
2846,1.4688125684305078
2847,1.4684391981120075
2848,1.4685198317408625
2849,1.4687009697587552
2850,1.469040530971948
2851,1.4687084636004948
2852,1.4687677855584957
2853,1.4686877479740041
2854,1.4679829664604163
2855,1.4685562042221199
2856,1.4684956451324895
2857,1.4683612764345515
2858,1.4691997346140515
2859,1.469190630249224
2860,1.4697683035069713
2861,1.4693276865441929
2862,1.4686577828224643
2863,1.4684791085388482
2864,1.4689923388680715
2865,1.469201458460339
2866,1.469304323898676
2867,1.4687904770103937
2868,1.4687984674999404
2869,1.4687578634453518
2870,1.4693836646191325
2871,1.4688617006315596
2872,1.4686516848272413
2873,1.4690468081360066
2874,1.4693356264784438
2875,1.4695761798790508
2876,1.4692297970247254
2877,1.4694131317826256
2878,1.4691432306200565
2879,1.4689997725933486
2880,1.4691424726828635
2881,1.4692853037711984
2882,1.4688057499441571
2883,1.4686064876483684
2884,1.4693340645451813
2885,1.4691627667839409
2886,1.46860743379247
2887,1.4682419236435371
2888,1.4681559905623593
2889,1.467900539150923
2890,1.4687676408061066
2891,1.4688653996194705
2892,1.4686598946246703
2893,1.4682655475736992
2894,1.4680333943523278
2895,1.4691033533344828
2896,1.4686067008681654
2897,1.4692606546117273
2898,1.4687294015567243
2899,1.4675807861780252
2900,1.4679951077828033
2901,1.4684105271107593
2902,1.46717491496866
2903,1.466940506043829
2904,1.4671314033547456
2905,1.4668988397941813
2906,1.4658993382256535
2907,1.4652805301568192
2908,1.4658319041690089
2909,1.4658628264913598
2910,1.4656826139144745
2911,1.4654097440878147
2912,1.465264800129215
2913,1.4655425839415415
2914,1.4653575514689483
2915,1.4654787012971133
2916,1.4659199274039225
2917,1.465645308229013
2918,1.4659113429328106
2919,1.4653509648137784
2920,1.4657170951032266
2921,1.465086265412008
2922,1.4655787109602438
2923,1.465359422374126
2924,1.4654264614504473
2925,1.4651630538912077
2926,1.4643656188097827
2927,1.4638167359799432
2928,1.4642542775077505
2929,1.4641518453847195
2930,1.463483255593877
2931,1.4633814691097766
2932,1.463053413492382
2933,1.4634063956108705
2934,1.4627580291656332
2935,1.4624578465715175
2936,1.4622959279518546
2937,1.4617845169535475
2938,1.462297151962377
2939,1.4621726436116977
2940,1.4625583759392013
2941,1.4631612461821055
2942,1.4634698644057411
2943,1.463592046745617
2944,1.4638538399964955
2945,1.4644171848732013
2946,1.4640013764044666
2947,1.4643767887300454
2948,1.4646668682165223
2949,1.4644164543026619
2950,1.464819065596705
2951,1.4644893614736443
2952,1.4644194400431216
2953,1.4642271324991258
2954,1.463994368165641
2955,1.4640525116174528
2956,1.4642979024823632
2957,1.4645251389937206
2958,1.4644715250993443
2959,1.4639883494610966
2960,1.4638914862385066
2961,1.464598226063297
2962,1.4638967237498253
2963,1.463483020384448
2964,1.4635849863538648
2965,1.4635604799632744
2966,1.463160952054225
2967,1.463017055313098
2968,1.4634759715615724
2969,1.4639133498659365
2970,1.46322260060696
2971,1.463246907826388
2972,1.463165390804809
2973,1.463366342136357
2974,1.4628777232747394
2975,1.4628124519627788
2976,1.462464016949402
2977,1.4623088294563307
2978,1.4626065509728254
2979,1.4626055305071104
2980,1.4616164284914812
2981,1.4611235928148705
2982,1.4609653065779273
2983,1.4612525169029726
2984,1.4614808085258202
2985,1.461722944998889
2986,1.4617160289761086
2987,1.4617336105000105
2988,1.4615774647868973
2989,1.4609792072125034
2990,1.46101893283693
2991,1.4612898190002903
2992,1.4613283844786524
2993,1.4612844797529465
2994,1.461210124920461
2995,1.4608664804359677
2996,1.4615340351847006
2997,1.4611424610407602
2998,1.4613549221837143
2999,1.46122662773708
3000,1.4607805361346395
