iteration,loss-average
1,5.8119425773620605
2,5.8124005985260006
3,5.812704319572449
4,5.81254262896347
5,5.812701011384811
6,5.812784891318858
7,5.813081727595875
8,5.8131657465778925
9,5.813266977468478
10,5.813212928278606
11,5.813115785878194
12,5.81324793274608
13,5.813431071320162
14,5.813421090183065
15,5.813550011061289
16,5.813403459616309
17,5.813763312482088
18,5.813983483854517
19,5.813884453444395
20,5.8142147927873715
21,5.814292820692611
22,5.814465218139232
23,5.814562642063191
24,5.81453152677991
25,5.814745145817066
26,5.814590131664152
27,5.814684933339952
28,5.814318301476131
29,5.814668144934523
30,5.81472447914887
31,5.814579691638036
32,5.814289837307228
33,5.813946089587572
34,5.813989217890424
35,5.814369465804955
36,5.814561511455897
37,5.8148562511517055
38,5.81468470024061
39,5.814944608454426
40,5.814773836707701
41,5.81500840643656
42,5.814909209911222
43,5.814620175264389
44,5.814366256332466
45,5.814418214195318
46,5.814452577114781
47,5.814560772886939
48,5.814273032618408
49,5.814430786382545
50,5.8143340251318225
51,5.813956806604284
52,5.814030009263092
53,5.813568968175121
54,5.813406673894626
55,5.813292734294907
56,5.81283565264978
57,5.812731159369123
58,5.8125380138428735
59,5.811982024379004
60,5.8119224414170585
61,5.811668222630221
62,5.811500417564824
63,5.8109890695681425
64,5.810626689070944
65,5.810609080597753
66,5.810224535704548
67,5.809994414039529
68,5.8098068891925765
69,5.809601962346226
70,5.808886121295712
71,5.808241960576341
72,5.808109216320258
73,5.807851000804888
74,5.807670228576266
75,5.808012080428691
76,5.807476295225757
77,5.8071438584020525
78,5.806561360262331
79,5.806137635422197
80,5.805629573494393
81,5.805040205901458
82,5.804628259815655
83,5.804097017785236
84,5.8039066198642235
85,5.803272651743063
86,5.803009372322704
87,5.802557772141264
88,5.8021712704765145
89,5.802082406300505
90,5.801348022502498
91,5.800856845820148
92,5.800387175181821
93,5.8004743356241075
94,5.800089648640019
95,5.799824292511091
96,5.799365192601421
97,5.798819153855594
98,5.798411542140786
99,5.797829797351437
100,5.797306779895619
101,5.796971463160622
102,5.7962002143631075
103,5.795451037651529
104,5.794601240073547
105,5.794020170319683
106,5.793460373144979
107,5.7928516141378905
108,5.792221909201935
109,5.791273625421583
110,5.790582630528508
111,5.789692452374726
112,5.788902522928672
113,5.787726961941534
114,5.787110142810736
115,5.786337803846123
116,5.785563030267369
117,5.784906405663609
118,5.784250115242598
119,5.783590995658693
120,5.782996709467443
121,5.782529589151385
122,5.781490842384837
123,5.780515909875519
124,5.779858146380768
125,5.779035963998196
126,5.777966810880342
127,5.776804208900406
128,5.775576596402085
129,5.774891819997725
130,5.774128289933219
131,5.773255909757723
132,5.772265812924873
133,5.771329449760858
134,5.770387161379044
135,5.769711111419285
136,5.768870216751324
137,5.767661570808632
138,5.766409215246951
139,5.76560413656335
140,5.7642499262228295
141,5.76324166109681
142,5.761993274942134
143,5.760959046421441
144,5.760057740401459
145,5.759010771842209
146,5.75782817794162
147,5.756825953219457
148,5.755858287914833
149,5.7549632863105895
150,5.753610978363309
151,5.752383201163596
152,5.751150005524114
153,5.74972099383221
154,5.7482805175896
155,5.7469776555746
156,5.745749869659763
157,5.744293105146206
158,5.742925547868111
159,5.741615878387189
160,5.7403931132028685
161,5.738633766258635
162,5.737679831778189
163,5.736772680226244
164,5.73498885816774
165,5.733365634349112
166,5.7317558396675015
167,5.730521020039069
168,5.728675549436871
169,5.727417725627699
170,5.725800193487581
171,5.724176998532014
172,5.72242338943906
173,5.721040927357065
174,5.719524314132189
175,5.718024300261655
176,5.716311729142897
177,5.7143838233411675
178,5.712597968392289
179,5.710700430640044
180,5.708760563338888
181,5.706755933889737
182,5.704830831462553
183,5.703365764668508
184,5.701424265720353
185,5.699493100962586
186,5.697665018347021
187,5.695881126778299
188,5.693871110367611
189,5.692003346973735
190,5.6900648589374585
191,5.688159533056926
192,5.685912007450109
193,5.683841716519857
194,5.681736394411749
195,5.679250357700883
196,5.677244988074332
197,5.675195859720926
198,5.672919025732684
199,5.6705244307710085
200,5.667799586305369
201,5.665638739232582
202,5.663266411301568
203,5.660878482520117
204,5.658089875577234
205,5.65549068869191
206,5.652717178629009
207,5.649908415729647
208,5.647047004312027
209,5.644320059205644
210,5.6412043661056375
211,5.638472594457353
212,5.635745771810149
213,5.6325065071613
214,5.629588213337043
215,5.626396378116933
216,5.622916273506864
217,5.619631169624862
218,5.616291795591495
219,5.613131370675149
220,5.609529889425587
221,5.606012940471303
222,5.6022837567961545
223,5.59842981025215
224,5.594603113155994
225,5.590446293736502
226,5.5860870806150675
227,5.582156495771565
228,5.577981494060479
229,5.573217709211008
230,5.568701530457085
231,5.564342871170576
232,5.560392143889375
233,5.555932967774893
234,5.551321037545373
235,5.546636932468293
236,5.541911984193684
237,5.537359907839888
238,5.532416132610947
239,5.527962649436267
240,5.523163541634919
241,5.51821021953269
242,5.512591527150702
243,5.507540244779686
244,5.502080601993467
245,5.49650140374144
246,5.490830790339462
247,5.4852369299648025
248,5.479421647160795
249,5.473379356795704
250,5.467346513541015
251,5.461101237322929
252,5.454832045752129
253,5.448677385199025
254,5.442466469865039
255,5.436362072642421
256,5.430088864087521
257,5.423692315611313
258,5.416726352370986
259,5.4106803003601875
260,5.403816229341388
261,5.39716547619621
262,5.390380480423506
263,5.382903175914523
264,5.375969723678581
265,5.368786137005301
266,5.361657167957822
267,5.354470964448519
268,5.347615147683352
269,5.340532305789255
270,5.333427956594246
271,5.326391536668294
272,5.319090142549918
273,5.312038612373479
274,5.305215869911166
275,5.297698045051394
276,5.290122446806007
277,5.283341146551527
278,5.276165172161757
279,5.2687242776235514
280,5.261376525469518
281,5.254203842677413
282,5.246761968201184
283,5.239768556611208
284,5.232243855416118
285,5.225239187505793
286,5.2180066091084605
287,5.210365074338401
288,5.203005621743845
289,5.195571819657479
290,5.188181236306932
291,5.181076222878401
292,5.1737644175065265
293,5.166592134374902
294,5.159446910492336
295,5.1526380439225035
296,5.145379855874253
297,5.138367510984551
298,5.131435159849333
299,5.124300440874758
300,5.117423200520398
301,5.110385176573467
302,5.10342110821961
303,5.0965864030199395
304,5.0897244553092715
305,5.083176023713462
306,5.07672167262701
307,5.069963507179841
308,5.063175013937489
309,5.057009408327318
310,5.05043226566248
311,5.0433343144715455
312,5.036815705956162
313,5.030329050421633
314,5.02347192581884
315,5.017134710431736
316,5.010365815356402
317,5.003877590464679
318,4.997527102788076
319,4.991075772997329
320,4.984627031661528
321,4.978222340454567
322,4.972268180358123
323,4.965889022729354
324,4.959754473628527
325,4.954144007492748
326,4.948337113060666
327,4.942569061213882
328,4.936823053372173
329,4.930705525028729
330,4.92454787929561
331,4.918310911883038
332,4.912213046153922
333,4.906758835737435
334,4.90104192913377
335,4.895582716985421
336,4.890098125633994
337,4.884259168187232
338,4.878772318563722
339,4.872957850891178
340,4.867014378001163
341,4.861609639223488
342,4.855825515057792
343,4.8502912458149865
344,4.845201419357549
345,4.839380364450623
346,4.833992665227406
347,4.828518418383429
348,4.8232599053319225
349,4.8173242921099275
350,4.811840213952054
351,4.8067163380635165
352,4.8015515547592775
353,4.796067522641753
354,4.790665304803054
355,4.785210446735557
356,4.779623396690617
357,4.773984675552459
358,4.768566799210599
359,4.763117128418037
360,4.757461814810858
361,4.751810020760124
362,4.74620355171394
363,4.740592501385838
364,4.73513885715341
365,4.729102862389492
366,4.723275039455668
367,4.717662821595021
368,4.7118197351460305
369,4.7061896026501415
370,4.700194329655367
371,4.69469591143079
372,4.688687516044581
373,4.6827275722575035
374,4.676878864165625
375,4.6704596645678595
376,4.664643006295423
377,4.658888188237996
378,4.65313022999997
379,4.647154102679634
380,4.641305174983952
381,4.635525027142232
382,4.62910492424343
383,4.623156832258806
384,4.616675455638654
385,4.610082684440919
386,4.603828601552882
387,4.597728534801366
388,4.592185001550407
389,4.58604039247704
390,4.5796802261069915
391,4.573639409365613
392,4.567844445198687
393,4.56151949484757
394,4.5551578221442215
395,4.548875374929852
396,4.542078966369243
397,4.5358084434078245
398,4.529723221652706
399,4.523807588320116
400,4.517502340713259
401,4.510793002822333
402,4.504329650929338
403,4.498048418704819
404,4.491793142621983
405,4.485613972274426
406,4.479272979221149
407,4.4723416143327706
408,4.466208170870578
409,4.45986895084306
410,4.453977140521267
411,4.4474469408199715
412,4.440763159703158
413,4.433968198327943
414,4.427308201579401
415,4.420863201411949
416,4.4147485268002145
417,4.408543314183521
418,4.402242135933908
419,4.3959717664055376
420,4.389463769065708
421,4.382903379335029
422,4.376468217860999
423,4.370169179202631
424,4.363680283457324
425,4.3567701135334165
426,4.350222622868583
427,4.343992019898517
428,4.337566376430478
429,4.330995312421154
430,4.32473455992029
431,4.318441055855673
432,4.3121972328312115
433,4.305299592114406
434,4.298837045287072
435,4.292797190215071
436,4.286055726429384
437,4.279169317253579
438,4.272210861290283
439,4.2658729081788564
440,4.259507700495932
441,4.252968135475271
442,4.246395277320515
443,4.239642401528743
444,4.233054728897948
445,4.2263173184401674
446,4.219821453409865
447,4.213395443271721
448,4.206584342496496
449,4.200299950454
450,4.193652974539098
451,4.18694087429209
452,4.18021435252921
453,4.173965044993701
454,4.167656383131913
455,4.1608989576406
456,4.15411800832635
457,4.147715516857943
458,4.1408526867759115
459,4.1342188329229
460,4.127541893970436
461,4.120723950034814
462,4.114027368449279
463,4.107848539029208
464,4.100978910320157
465,4.0945381361298665
466,4.087922885148907
467,4.081436196015875
468,4.0744653938866335
469,4.067126009333486
470,4.0608646420627705
471,4.05426668534975
472,4.047229484539178
473,4.0402978276258
474,4.033635695650616
475,4.026986056841363
476,4.020361073405951
477,4.014244976281704
478,4.007828246540615
479,4.001052647796326
480,3.994351258841865
481,3.987377203254261
482,3.9806647277011384
483,3.973986899913473
484,3.967525817692181
485,3.961123919273518
486,3.953993354111314
487,3.9475816770315295
488,3.9410092701754693
489,3.934358412507861
490,3.9281663185298594
491,3.9218648501457127
492,3.915027890171302
493,3.908216084732988
494,3.901466767768553
495,3.894362019662938
496,3.88815470995663
497,3.881915630230459
498,3.87565698395428
499,3.868990912108141
500,3.8628873103729364
501,3.8566468247169303
502,3.849817304474728
503,3.843590144405131
504,3.8371815745111078
505,3.8309624114428216
506,3.8244534794905154
507,3.8179941311607757
508,3.811353648943444
509,3.80508819057334
510,3.7990096678049636
511,3.792987541389172
512,3.7867501259953484
513,3.780053795922646
514,3.7735581019698303
515,3.7672427569622937
516,3.7610128968257945
517,3.7539274998817103
518,3.7474926438080263
519,3.741074318451092
520,3.73480893578843
521,3.728405293808196
522,3.721832416699427
523,3.7160669138045863
524,3.710001481633536
525,3.703989613850841
526,3.697896462504
527,3.691564437337172
528,3.6853754987872667
529,3.6801170330391213
530,3.6745654297593204
531,3.668417518304637
532,3.6628905070498723
533,3.6568278787554935
534,3.651311837003748
535,3.6451535621472178
536,3.6396965177063363
537,3.6339153408388425
538,3.628208531557771
539,3.6226160539655563
540,3.616822348952224
541,3.61034808077567
542,3.604774329342346
543,3.5991924907886417
544,3.593409231106536
545,3.5874597161850277
546,3.5816422425949694
547,3.575856360671842
548,3.570256696761018
549,3.5650213826576453
550,3.559467538943091
551,3.55371215766191
552,3.5478670586050463
553,3.542198261134117
554,3.5367862531563077
555,3.5311727223833422
556,3.5254199783086
557,3.5205787073053556
558,3.5157275074191974
559,3.5100980730850226
560,3.50433726324228
561,3.499324642313677
562,3.494121441284115
563,3.4884832494045384
564,3.4828624539309128
565,3.477663818247985
566,3.4730342527060847
567,3.4679451964132544
568,3.4631571819579507
569,3.4581308509103446
570,3.453092927762682
571,3.447349402833222
572,3.441914048649543
573,3.436737385909279
574,3.4315858834684985
575,3.426255633694636
576,3.4208118188951944
577,3.4154056409203055
578,3.4101693750638744
579,3.4057211660141347
580,3.4005035522717937
581,3.3954496427253815
582,3.39070361564541
583,3.3852968891042914
584,3.3807019180046396
585,3.3757075466977695
586,3.370479524761617
587,3.3662697309430203
588,3.360980373769228
589,3.356397432591756
590,3.3516249593656413
591,3.346648119472457
592,3.3419521098646854
593,3.336923246424105
594,3.3319280695357842
595,3.327315484326099
596,3.3223675995510757
597,3.3173670907073323
598,3.3131280176309787
599,3.3080175387679223
600,3.3031987884106546
601,3.2983436663640604
602,3.2937462502816524
603,3.2890384795881533
604,3.283933812634635
605,3.2794353417270963
606,3.27489178564939
607,3.2694265179143076
608,3.265367805327933
609,3.2607201105144044
610,3.2564066015154807
611,3.2517902111233545
612,3.246983317347054
613,3.2432775148306794
614,3.239262608645699
615,3.234938300648505
616,3.230365739126196
617,3.2256857591291337
618,3.2208316680462823
619,3.2164202512838678
620,3.2121623609371452
621,3.208228809915912
622,3.204168222365055
623,3.1995598935851732
624,3.195314818073699
625,3.1911850042943177
626,3.1869042128769496
627,3.1830368771393083
628,3.178819346383632
629,3.1744519867463032
630,3.1699086123708744
631,3.165968137991804
632,3.162176472795139
633,3.1585243701886014
634,3.1545003633451323
635,3.150686922583662
636,3.1471706073039853
637,3.143223839177986
638,3.1393085611172653
639,3.135354410654503
640,3.1307698142779605
641,3.126864974022675
642,3.1230667692764134
643,3.1193026432491004
644,3.11538339202749
645,3.1115824990892844
646,3.1075837955033725
647,3.103748398050947
648,3.1004652391719594
649,3.096974930627229
650,3.0933799296953484
651,3.0888975373239753
652,3.0851151825095027
653,3.0812015322330306
654,3.077804263406302
655,3.074182076110283
656,3.070559562441471
657,3.06695730921907
658,3.0629180821631063
659,3.059373157600228
660,3.056249091855755
661,3.052603124415308
662,3.048967582045715
663,3.044989134488053
664,3.041488457823988
665,3.0386202765733916
666,3.035495723939568
667,3.032527947369712
668,3.028514980737991
669,3.0249196166548478
670,3.0214717337745705
671,3.017989930935016
672,3.0146037851559764
673,3.0117136860382447
674,3.008725391626562
675,3.004694224858484
676,3.0012618126818706
677,2.997955369343577
678,2.994700029733195
679,2.9910665100192686
680,2.9878244120347643
681,2.984732347736635
682,2.981767713675579
683,2.9790354021953416
684,2.9756174806351994
685,2.972516454569859
686,2.9691754060647044
687,2.966452206781301
688,2.962413575548507
689,2.959548456045593
690,2.956457283219847
691,2.9534250680592953
692,2.9503642857380266
693,2.947459285408398
694,2.944377857497471
695,2.941268450905993
696,2.9377060575806224
697,2.9351621586732723
698,2.9316287648955592
699,2.928714087012809
700,2.9255704845938424
701,2.9226323952907594
702,2.9196915080966144
703,2.916438464105642
704,2.913427597388531
705,2.910007506591884
706,2.906648364646386
707,2.903200827880192
708,2.8999567576116503
709,2.896516209533697
710,2.8937160857290705
711,2.8914336715157094
712,2.888791627380744
713,2.8857048779324947
714,2.882258391877446
715,2.8788149080380045
716,2.875643059340135
717,2.873288484247998
718,2.870823696847584
719,2.868183428927173
720,2.865397830989193
721,2.8625752717082764
722,2.859446047348635
723,2.8567788825738423
724,2.854080737211489
725,2.8513442152406965
726,2.848042144397186
727,2.8456386726487692
728,2.842635434603814
729,2.8397576786094914
730,2.8365278603110444
731,2.8331352013592177
732,2.8305941728233663
733,2.8276449518730025
734,2.824978127855379
735,2.823073091589165
736,2.820098377499081
737,2.817401148566043
738,2.814774572585689
739,2.812289796809329
740,2.8096439163775977
741,2.806676307367673
742,2.8043689082726266
743,2.801240051950131
744,2.7981296939271805
745,2.795496772862052
746,2.7930304123102063
747,2.7902215475713876
748,2.7872419333237564
749,2.7839607310555965
750,2.781123470665747
751,2.7782635144131373
752,2.7755515947642175
753,2.77303353619657
754,2.7700845956667304
755,2.767932644353982
756,2.765718684841536
757,2.763215023005362
758,2.760774170726407
759,2.75848747358965
760,2.7560069235654887
761,2.7536884942692885
762,2.7513598472934486
763,2.7489776422222745
764,2.7471884828257047
765,2.7448209546624156
766,2.7423538683023216
767,2.73925232011108
768,2.736813937183895
769,2.734725554253205
770,2.732602792855336
771,2.7298070116030266
772,2.727318615587885
773,2.7255766179709515
774,2.723208997926901
775,2.7202423870525307
776,2.7182280479632137
777,2.715972952603009
778,2.713246101049118
779,2.711009796887022
780,2.7081534744310316
781,2.705800321438688
782,2.7033424017866476
783,2.701183341073913
784,2.6984800506486137
785,2.695413054692404
786,2.692521582081222
787,2.6900134231980815
788,2.6877303552040908
789,2.6851984730145597
790,2.682768068846627
791,2.680376516673796
792,2.6784705654342535
793,2.676318643177387
794,2.674337360989193
795,2.6720598537291265
796,2.6700186696245143
797,2.6684146324060354
798,2.666232562788005
799,2.664372273676715
800,2.662322435205439
801,2.660369888898486
802,2.6582402813808312
803,2.656010448516276
804,2.6541560848447174
805,2.6518974956566734
806,2.6501382179618624
807,2.648123565098597
808,2.6456583300484557
809,2.6439233231612316
810,2.642043930680246
811,2.6402962393987943
812,2.6382237759908236
813,2.6362358345515124
814,2.6342162789551473
815,2.632010268729438
816,2.629908217003226
817,2.6277392823994896
818,2.6252318991333965
819,2.6219881683238855
820,2.6195273812071025
821,2.6170358203993667
822,2.6141962464932105
823,2.6118404431301188
824,2.610307965665527
825,2.6084050986266916
826,2.606639447215681
827,2.6047532021556443
828,2.602385573224531
829,2.6001770770386656
830,2.5984625798780803
831,2.5961417610121473
832,2.594308962184116
833,2.591255857510136
834,2.5892018299137662
835,2.5875325060306396
836,2.585282564490044
837,2.5835886243208486
838,2.5817282532016192
839,2.579834565289076
840,2.5778228206156797
841,2.575874523268613
842,2.5742265892302427
843,2.5722811704903763
844,2.5699692531734035
845,2.567188094161266
846,2.565488492548732
847,2.5641072543444854
848,2.562857867970364
849,2.561251346330256
850,2.559396388907435
851,2.5576985171671893
852,2.555510768633233
853,2.553819036041025
854,2.5517463422251114
855,2.549870732397211
856,2.5480381803820187
857,2.5464527028766732
858,2.5450976186601433
859,2.543782033894057
860,2.541870488331838
861,2.5401434768577427
862,2.5382393948190622
863,2.536854313305432
864,2.535213000736223
865,2.5331816456897602
866,2.530950286640711
867,2.5293387443630966
868,2.5268897296381883
869,2.525055848734084
870,2.52387287846503
871,2.5226393478976825
872,2.5206368211020824
873,2.518491563622912
874,2.516767533894643
875,2.514638340901076
876,2.512896442117417
877,2.511888944335859
878,2.5094578861827843
879,2.5075151264312354
880,2.5052073408017197
881,2.504323307739958
882,2.5033303312320703
883,2.5019523079814525
884,2.5002850965767673
885,2.4987426533885184
886,2.497241468419198
887,2.4966100936788047
888,2.495203826024589
889,2.493216781745918
890,2.4924381347020033
891,2.4904971726824017
892,2.48921010692193
893,2.4877748465864697
894,2.486237504561967
895,2.484607074767969
896,2.4832817087853054
897,2.4818302622316697
898,2.4807559738815677
899,2.480151264712774
900,2.4786261088338017
901,2.476244000132162
902,2.475082934483462
903,2.47386712727237
904,2.4723499182794737
905,2.4717994567409716
906,2.469992785843457
907,2.468871190357606
908,2.4680039079231344
909,2.4667221760171127
910,2.46595559023908
911,2.465039541254733
912,2.463318067522534
913,2.4628157251845346
914,2.4615799547329678
915,2.4598969453447292
916,2.4589014352555836
917,2.458627215144222
918,2.45783512204373
919,2.457308881295665
920,2.455926876223768
921,2.454795837936353
922,2.4532939010131365
923,2.4521617540719753
924,2.4506124440851407
925,2.4490775931221394
926,2.447756043968132
927,2.4469773118293086
928,2.4459445506040143
929,2.4445875387499543
930,2.4429605403629555
931,2.441262050380892
932,2.4397177313093095
933,2.43813473761452
934,2.4369863645709087
935,2.4358038291282456
936,2.4349113914616964
937,2.433299989003251
938,2.4324918555104174
939,2.432066038404481
940,2.430643812866494
941,2.4292693103655725
942,2.4278783192235687
943,2.4269970204629985
944,2.4255561982864653
945,2.4239614923962978
946,2.4227018822993482
947,2.421606667475932
948,2.4199772503816015
949,2.4187196817304755
950,2.4173864372352702
951,2.4161276653234505
952,2.41495881856758
953,2.4141139468913573
954,2.41359741883854
955,2.4128501658581927
956,2.4117309284254285
957,2.410776731113939
958,2.4097527257656473
959,2.408353993119231
960,2.40756211066743
961,2.406267171669108
962,2.4046857363549274
963,2.4041013247207856
964,2.4033855501718655
965,2.4020940718878494
966,2.401279873517414
967,2.4006970794299396
968,2.3999507178736894
969,2.3995510048544113
970,2.3977352453011465
971,2.3970934056523867
972,2.3957940937298297
973,2.3947889651053553
974,2.393977626988246
975,2.39345143748559
976,2.3924983309007954
977,2.391429742075138
978,2.391195212899834
979,2.3906648858360513
980,2.3895906275404117
981,2.3883299915566814
982,2.387107667009361
983,2.3865601042377165
984,2.3857206677474445
985,2.3846341478403716
986,2.3837056717698557
987,2.38297145587169
988,2.3820923984202107
989,2.3811493925004514
990,2.380996344835989
991,2.3799369438334343
992,2.3786015659339386
993,2.37704693821786
994,2.3758837632016716
995,2.375646919274613
996,2.375613510269919
997,2.37472576704206
998,2.373766157134874
999,2.3727300858918956
1000,2.371846767514512
1001,2.3713908569063484
1002,2.3703581889991785
1003,2.36922036096596
1004,2.3679272671087626
1005,2.366795380587693
1006,2.366475044570177
1007,2.3658797670445577
1008,2.3657009007991254
1009,2.3644621791851206
1010,2.363694031830972
1011,2.363458630045671
1012,2.362872773675531
1013,2.3623457840909974
1014,2.3616560087595193
1015,2.36095009786625
1016,2.359631803153798
1017,2.358639542647668
1018,2.3577367694186155
1019,2.357496420779511
1020,2.3569817720193775
1021,2.3569853336386215
1022,2.3560377961553023
1023,2.35577897012569
1024,2.354745300856538
1025,2.3533730081740636
1026,2.35147854929995
1027,2.350227205166368
1028,2.349112443968619
1029,2.3487105192622204
1030,2.3480849188012924
1031,2.3481743926817362
1032,2.3467738873873056
1033,2.345892901636325
1034,2.3457003071991793
1035,2.344832677283528
1036,2.3440343275327185
1037,2.342821742292794
1038,2.3419416839804468
1039,2.340475131375362
1040,2.3395630315112212
1041,2.3390540050728914
1042,2.338262390684935
1043,2.337533891757345
1044,2.3358833831040218
1045,2.334861473307847
1046,2.3344169904237213
1047,2.3336707616305667
1048,2.3324173779455015
1049,2.331844040686274
1050,2.3306468990998437
1051,2.3304808519488405
1052,2.3296216573875856
1053,2.3285219353070334
1054,2.327886278629091
1055,2.3267921150682276
1056,2.3255670561530932
1057,2.3248907522614766
1058,2.324053247007812
1059,2.3239558824384443
1060,2.3229251681481347
1061,2.322083029264237
1062,2.322097395709897
1063,2.320667073085616
1064,2.3194095000183736
1065,2.318383806394044
1066,2.3177255590533945
1067,2.3167214945733763
1068,2.3154824941023797
1069,2.314948820401362
1070,2.313652666869311
1071,2.313097544325687
1072,2.3120352165470837
1073,2.3108494486251385
1074,2.310587864887926
1075,2.3100168432163883
1076,2.3097772617002663
1077,2.3084452552083263
1078,2.307627330862827
1079,2.3057960542345843
1080,2.3048468258836574
1081,2.3040225353163017
1082,2.3036747305984404
1083,2.3035855327851777
1084,2.302506660035358
1085,2.3016526118108476
1086,2.3007572224622037
1087,2.3002565996117754
1088,2.2999991673570888
1089,2.298840859768309
1090,2.2979194701242127
1091,2.297160870722644
1092,2.2958370895722293
1093,2.2950181899972764
1094,2.2942765223719523
1095,2.2936087777597796
1096,2.2928086046154723
1097,2.29212133301297
1098,2.290928149707508
1099,2.289710478780313
1100,2.288665076158137
1101,2.2873987297817635
1102,2.2870565817547317
1103,2.285950140404366
1104,2.2844713309632834
1105,2.2836126509947134
1106,2.2832091386288105
1107,2.2831806179350917
1108,2.282262894286412
1109,2.279987559038623
1110,2.2799286747096574
1111,2.278616256916148
1112,2.2778077352598807
1113,2.2766835769002034
1114,2.275548499264787
1115,2.274921619703075
1116,2.273978579574333
1117,2.273448448938962
1118,2.272339774302224
1119,2.271409899859575
1120,2.270809725772906
1121,2.270002996856508
1122,2.2690285102683765
1123,2.267865893744955
1124,2.266671483470459
1125,2.2658317290329832
1126,2.2655158144764322
1127,2.2649163202923113
1128,2.264142377431387
1129,2.262987308889717
1130,2.262423664854257
1131,2.2617398535368474
1132,2.2608617840662077
1133,2.259941256491878
1134,2.2590478179053144
1135,2.25873557397244
1136,2.25841781134553
1137,2.257462587976896
1138,2.2571000469564937
1139,2.2564379358870537
1140,2.255655228385438
1141,2.254981906914043
1142,2.2536477230680596
1143,2.252418881956613
1144,2.2505059041359012
1145,2.250408529621603
1146,2.2490130346959805
1147,2.247918853790269
1148,2.2476417921365215
1149,2.2459477615687544
1150,2.2458653274860607
1151,2.2451352949155265
1152,2.2445551035512126
1153,2.243816647544947
1154,2.2427809756429373
1155,2.2425781662268194
1156,2.241846170773377
1157,2.241214846189086
1158,2.240237833582321
1159,2.2391215553805233
1160,2.2386951890693605
1161,2.2377297979756565
1162,2.236644788197784
1163,2.2354363484579984
1164,2.2349893917372516
1165,2.2343914668099165
1166,2.2335569871593868
1167,2.2327232516672977
1168,2.2319727478155924
1169,2.2305920123035556
1170,2.2290322779611103
1171,2.228824782273714
1172,2.2282452072138725
1173,2.2273962330546415
1174,2.2265159967633
1175,2.225686266961701
1176,2.2244447221797174
1177,2.2237800140611963
1178,2.2227853441083414
1179,2.2218888546791775
1180,2.2217250930122296
1181,2.221102808864387
1182,2.220279938630703
1183,2.2197778242025716
1184,2.2194868819763327
1185,2.219269793720351
1186,2.218815162044247
1187,2.217917066391558
1188,2.2170316302227233
1189,2.2161456017671335
1190,2.215261958797648
1191,2.2148239834156405
1192,2.214030754823072
1193,2.2131782317294797
1194,2.21250513168687
1195,2.2125002816623858
1196,2.2116053451895996
1197,2.2108538586700237
1198,2.209083404345134
1199,2.2076899890887365
1200,2.2070443994891518
1201,2.206031577562296
1202,2.205214888691409
1203,2.204906476957315
1204,2.2048597704909834
1205,2.2044560508044304
1206,2.2041752755830193
1207,2.2029104212706994
1208,2.202200868545969
1209,2.2008216270234384
1210,2.1997222219564194
1211,2.198389759099933
1212,2.196907568204128
1213,2.1960676805805854
1214,2.1949833363989053
1215,2.193699021347868
1216,2.1936230918013426
1217,2.192172180716048
1218,2.1914885462142757
1219,2.1912242202362795
1220,2.1904296401970935
1221,2.1899786485589234
1222,2.1885861352572396
1223,2.187910697418428
1224,2.187652940280057
1225,2.1862495108766167
1226,2.185132424139614
1227,2.184814208449485
1228,2.1836701570228048
1229,2.1828352367390993
1230,2.182128656744918
1231,2.1808704410624125
1232,2.179849334273635
1233,2.1786793390508694
1234,2.1772672360345005
1235,2.175386010080595
1236,2.174346346557755
1237,2.1730915658897225
1238,2.172210677679533
1239,2.1709354485390895
1240,2.170561773976877
1241,2.170016091399561
1242,2.169458815759924
1243,2.167650368929284
1244,2.1670213033536765
1245,2.1661644645516174
1246,2.165283067884486
1247,2.164227057481997
1248,2.1628561687524006
1249,2.1626750360542326
1250,2.161501637300006
1251,2.1605620870750633
1252,2.16086414336823
1253,2.160445227047496
1254,2.1600946322523344
1255,2.159153605772449
1256,2.1589338238715383
1257,2.158050746377872
1258,2.15775716309094
1259,2.1570199227755933
1260,2.1564630089697396
1261,2.1557871713367316
1262,2.155221691314843
1263,2.154221530330954
1264,2.153010282974762
1265,2.151679670592244
1266,2.1497699346785684
1267,2.148685446591381
1268,2.1479337702065506
1269,2.1462817144465847
1270,2.1448384285997304
1271,2.1435603123714855
1272,2.1424727059775717
1273,2.141866107883716
1274,2.1403923349585248
1275,2.139883954392472
1276,2.1391672689569665
1277,2.138353885697883
1278,2.137378442543557
1279,2.136958935750181
1280,2.1360983476189785
1281,2.1354146735514257
1282,2.134030981253798
1283,2.132551142497252
1284,2.1314463785736986
1285,2.1305073046704375
1286,2.1300961026688254
1287,2.1286844996767282
1288,2.128011453985562
1289,2.126666759116056
1290,2.1256932822558783
1291,2.124815001441999
1292,2.1234428926973385
1293,2.1226888032531206
1294,2.1216956127822355
1295,2.1207361430085854
1296,2.1197570957694465
1297,2.118045061230156
1298,2.1166053950900863
1299,2.1150376905314854
1300,2.1138978873815613
1301,2.1119540828092838
1302,2.11097004132186
1303,2.1101063886719977
1304,2.108629382396666
1305,2.107224831591079
1306,2.106019637403716
1307,2.1051975816383686
1308,2.1044940625922712
1309,2.102865249493807
1310,2.10188023206344
1311,2.10086068906005
1312,2.10049790948295
1313,2.0990413828042165
1314,2.09761375300885
1315,2.0961330079093052
1316,2.09506056270931
1317,2.0943591309656218
1318,2.0927747017947955
1319,2.091644686884876
1320,2.0902284677611314
1321,2.089869668669581
1322,2.0891408244523784
1323,2.0881739430982185
1324,2.087636083552355
1325,2.086793367450766
1326,2.085555728174871
1327,2.084171857416305
1328,2.0831047322949563
1329,2.081616115775583
1330,2.080458866320789
1331,2.0795106997365607
1332,2.0779112112591025
1333,2.0760336968727877
1334,2.074970271623076
1335,2.0745896310679335
1336,2.0735234251470143
1337,2.072420626703278
1338,2.0717046455809554
1339,2.0702988005025884
1340,2.0677315018988476
1341,2.067429013050446
1342,2.0664078530241174
1343,2.065062012457623
1344,2.0634828548233695
1345,2.06197649576157
1346,2.0610433527939707
1347,2.0608526399663014
1348,2.0596882967464434
1349,2.0585565196420808
1350,2.0572827071355917
1351,2.056421233634054
1352,2.055704038094979
1353,2.0545390287403977
1354,2.0533255055126967
1355,2.0522523363715286
1356,2.0506439661463256
1357,2.0497912659615825
1358,2.048189013449663
1359,2.0475539408756767
1360,2.0453462173323635
1361,2.0443980179613024
1362,2.0437044784165908
1363,2.0425907209558027
1364,2.0412502366644025
1365,2.040007253167534
1366,2.0382894254564787
1367,2.036372823844627
1368,2.034669746621122
1369,2.0335643834574983
1370,2.0320270355313905
1371,2.030425088589836
1372,2.029222578849137
1373,2.0277800683427105
1374,2.026346013721157
1375,2.02472540781975
1376,2.0238678692297003
1377,2.022998008106703
1378,2.0219094502082107
1379,2.020576535881323
1380,2.018990490870026
1381,2.017280736918867
1382,2.015706060100106
1383,2.0138966514797385
1384,2.0124736869979647
1385,2.0107820478832497
1386,2.0103398639759082
1387,2.009911802334055
1388,2.0086563253243916
1389,2.0080811273419212
1390,2.007835514698037
1391,2.006696436411675
1392,2.0060569220129705
1393,2.004813680835284
1394,2.0046379446903497
1395,2.0040796687524756
1396,2.002503109824142
1397,2.0006012600605207
1398,2.0003923130339016
1399,1.9993417049705502
1400,1.9988429241929777
1401,1.9977606284303706
1402,1.9973868052889483
1403,1.995933546455203
1404,1.994644857997565
1405,1.9939447518227214
1406,1.9920825360732237
1407,1.9913473092065872
1408,1.9902486836210578
1409,1.9891454301863687
1410,1.987882099562683
1411,1.9868624508117856
1412,1.9854504924754814
1413,1.983994286905299
1414,1.9829678726370723
1415,1.9822233911685228
1416,1.9814894076591172
1417,1.9811090301352072
1418,1.9800317880968037
1419,1.9789869937807905
1420,1.9776634055813525
1421,1.9764661006998585
1422,1.9751895781968172
1423,1.9742175954860302
1424,1.9729334741747593
1425,1.9723809903182477
1426,1.9712577552012138
1427,1.9702513890071016
1428,1.9691487017344669
1429,1.9675911809811801
1430,1.9668540786597744
1431,1.9643521597261968
1432,1.963043424732509
1433,1.9620732023140612
1434,1.9614799001559025
1435,1.9609531501103954
1436,1.9605508228526638
1437,1.96034134514912
1438,1.9601313100857374
1439,1.9594553452800492
1440,1.95824840657208
1441,1.957570727392512
1442,1.9569065660337488
1443,1.9560184614159546
1444,1.9551140178811475
1445,1.9534374248366042
1446,1.953123015558012
1447,1.951251838949702
1448,1.9504221380357287
1449,1.9493949694029742
1450,1.9488259447555154
1451,1.9488776388845446
1452,1.9479925133605767
1453,1.9467228400571714
1454,1.9461899106608131
1455,1.9452122079142107
1456,1.9445749515565245
1457,1.9433557409432103
1458,1.9428155761975883
1459,1.9412611102241737
1460,1.940537012783179
1461,1.9403441576402778
1462,1.9404864684419398
1463,1.938514159536663
1464,1.9383784364541146
1465,1.9379329206806597
1466,1.9376019537267022
1467,1.9371019297659986
1468,1.9364443695489744
1469,1.9361079615777033
1470,1.9345073247727544
1471,1.933452576188371
1472,1.932521020563804
1473,1.9320311841254587
1474,1.9318666890211356
1475,1.9307105273255212
1476,1.9289244866017037
1477,1.9281736626754864
1478,1.9271769561608683
1479,1.9260094584500045
1480,1.9250639848953233
1481,1.9245791126871934
1482,1.9234727414243553
1483,1.9227356040435306
1484,1.9210923653322582
1485,1.9198200021831755
1486,1.9182000494356546
1487,1.916986452900219
1488,1.9167864104266874
1489,1.9160119867873981
1490,1.914623574119979
1491,1.9132532236855533
1492,1.9117130461060683
1493,1.9102225882082389
1494,1.908981723251325
1495,1.9076946363937206
1496,1.9068014906217179
1497,1.9066729729018739
1498,1.9056290281761972
1499,1.9051212802619042
1500,1.9042625761418042
1501,1.9038835400005905
1502,1.9027462626484546
1503,1.9024947798736653
1504,1.9017730011699603
1505,1.9011069807484593
1506,1.9003696373714358
1507,1.8993667297543173
1508,1.8983202773651942
1509,1.897629095549885
1510,1.8961615848211382
1511,1.8957753914509787
1512,1.8950232127464097
1513,1.8940837770673786
1514,1.8927034257028195
1515,1.89200777727467
1516,1.8918109875891618
1517,1.890671015891883
1518,1.8905331336370945
1519,1.8896591570033237
1520,1.8891716627212896
1521,1.8883481112493956
1522,1.8875024356073546
1523,1.8864922083292286
1524,1.885801975502213
1525,1.8851512297810789
1526,1.8842969624524555
1527,1.8839411070504521
1528,1.8833244387256662
1529,1.8817470817832758
1530,1.8808238591837125
1531,1.8808208954697343
1532,1.8803082020400148
1533,1.8799853465052265
1534,1.8786685246497374
1535,1.8770836185122115
1536,1.8758391053369137
1537,1.8752955230745356
1538,1.8734661229470597
1539,1.8725688729940693
1540,1.8719168977711262
1541,1.8715744307873834
1542,1.8700793192201282
1543,1.8693908037051714
1544,1.8694664952833506
1545,1.8686785895949076
1546,1.8677594259718022
1547,1.8673481881054423
1548,1.8672157276316026
1549,1.8659550922781893
1550,1.865530869773751
1551,1.8646665614679365
1552,1.8640125391680211
1553,1.8629512152912464
1554,1.8623822806880277
1555,1.8609033990932797
1556,1.859682726626856
1557,1.8583360731700636
1558,1.8577225247718478
1559,1.8565302219891182
1560,1.855015478965199
1561,1.8553026262798158
1562,1.853672674199013
1563,1.852864062271582
1564,1.8520528948033108
1565,1.8507504624336728
1566,1.8499429789151325
1567,1.8489156440522534
1568,1.8476408352567493
1569,1.846684996834543
1570,1.845540247817957
1571,1.844567488840144
1572,1.8431380130715198
1573,1.8426262135415958
1574,1.841974403382092
1575,1.8411715473754546
1576,1.8405090885463233
1577,1.8396539400777039
1578,1.8385390405402184
1579,1.8382285782947827
1580,1.8374722288320058
1581,1.836424743388514
1582,1.8351311812294837
1583,1.8338615591231435
1584,1.8333199299380563
1585,1.832512610700257
1586,1.832154181873398
1587,1.8306509498060592
1588,1.8299550317163102
1589,1.829640487470839
1590,1.8286220328468494
1591,1.8281915170480056
1592,1.8268912012257834
1593,1.8255886081239667
1594,1.8254462240649725
1595,1.8245323661310668
1596,1.8245559366619917
1597,1.8237962742085063
1598,1.8241017074432082
1599,1.823273273987093
1600,1.8227823849805873
1601,1.8221715973578798
1602,1.8215765636193404
1603,1.820219864786376
1604,1.8202924872774833
1605,1.8191130588881348
1606,1.818379789771987
1607,1.8178490384208223
1608,1.8169525178384105
1609,1.8158695433407122
1610,1.8156096556973171
1611,1.8146555577524384
1612,1.8141851170571368
1613,1.813818847024191
1614,1.8124586564164098
1615,1.8121105100138506
1616,1.8107998331502129
1617,1.8105678209575762
1618,1.8092718927000457
1619,1.8095281910673582
1620,1.8090652902861721
1621,1.8083818739991866
1622,1.807860832474098
1623,1.8073093778294682
1624,1.8062743481670134
1625,1.8055162785391834
1626,1.8045647588155675
1627,1.8044673043336836
1628,1.8037360152691047
1629,1.8027337527540972
1630,1.801212246968577
1631,1.8002373785169374
1632,1.7994918634676558
1633,1.798051684496795
1634,1.7977016151051075
1635,1.7970074018337672
1636,1.795728351323642
1637,1.7959795557815441
1638,1.7951504087538954
1639,1.7946209714978543
1640,1.7942272951251483
1641,1.7937273613060805
1642,1.7932625888602323
1643,1.7929427839557388
1644,1.7921022102132695
1645,1.7908913610773634
1646,1.7897014649738276
1647,1.788846436280888
1648,1.7870861691992521
1649,1.7858181916381735
1650,1.78578151864327
1651,1.7853718961324956
1652,1.785514532501075
1653,1.78450259704896
1654,1.7841430314055882
1655,1.783613059075511
1656,1.7831537199902532
1657,1.78279162282052
1658,1.7818687925499312
1659,1.7806599035229682
1660,1.7799036113897035
1661,1.7790831709215529
1662,1.7787828914943633
1663,1.7781285817594161
1664,1.7777541080780241
1665,1.7779866106981104
1666,1.7776002350171987
1667,1.7763504411246551
1668,1.7759177649971694
1669,1.7755736483790192
1670,1.7740865308229683
1671,1.7738086623967555
1672,1.7736727768342146
1673,1.7727803292549889
1674,1.7719140109045999
1675,1.7710169489673002
1676,1.77007086602662
1677,1.7697649234260888
1678,1.7695257438273486
1679,1.7688525384257467
1680,1.7679425625282952
1681,1.7675098873488961
1682,1.7666835605468951
1683,1.7663670530894666
1684,1.7653520437041605
1685,1.7647096790195
1686,1.7633137651060107
1687,1.7629530879674953
1688,1.762288297391159
1689,1.7621142835147166
1690,1.7609479994885568
1691,1.7601068266119753
1692,1.7589769342470638
1693,1.7576598099221687
1694,1.757156205169648
1695,1.7558972058221145
1696,1.7543560577605122
1697,1.753926853628007
1698,1.7530010842136805
1699,1.7533468390301088
1700,1.7526030652820384
1701,1.7522847118812133
1702,1.751979794659275
1703,1.7507835110295784
1704,1.750340022510647
1705,1.7498166333725373
1706,1.7493677655526514
1707,1.7486644297118132
1708,1.7473831839451832
1709,1.746471298311934
1710,1.7459489849441145
1711,1.745808321266198
1712,1.7452530452293629
1713,1.744253509532295
1714,1.7440834146987048
1715,1.7434140567189091
1716,1.7427286102097752
1717,1.7419600055463207
1718,1.741328447513794
1719,1.7402310074011036
1720,1.7396830219653008
1721,1.738449420596582
1722,1.7375602844795721
1723,1.7368150282872035
1724,1.7368240132324761
1725,1.736424185723564
1726,1.7359334277438034
1727,1.7352632735550773
1728,1.7352263344618444
1729,1.7349619675702759
1730,1.7343802480743695
1731,1.7336082200476965
1732,1.733182068811263
1733,1.732798584524271
1734,1.7320079406688687
1735,1.730904993273643
1736,1.7305860643790871
1737,1.7296007278266128
1738,1.7281846323260193
1739,1.7278581075147343
1740,1.7274551053871752
1741,1.7266211321780522
1742,1.726572972000922
1743,1.7259450255156152
1744,1.7261773113761525
1745,1.7251047048039334
1746,1.724704306722259
1747,1.7242887494688868
1748,1.7234326946905383
1749,1.7223336701798146
1750,1.721591148883457
1751,1.7200865886888383
1752,1.7195797868009257
1753,1.7192334843960535
1754,1.7182866055787989
1755,1.7185511315505664
1756,1.7180077260879816
1757,1.7172134122873524
1758,1.7170573764634802
1759,1.7167746448239507
1760,1.7163747560229308
1761,1.714995831153937
1762,1.7141509263754933
1763,1.713834446754081
1764,1.7133329777362967
1765,1.7128595673118199
1766,1.711454503517616
1767,1.7107568289097577
1768,1.7098922935278518
1769,1.7089481650797802
1770,1.708717029594194
1771,1.7090055438645233
1772,1.7086444647026258
1773,1.7080048219257546
1774,1.7075453013157917
1775,1.7070223082876754
1776,1.7068128170550885
1777,1.7071285556099216
1778,1.7066012780005306
1779,1.7053880752058703
1780,1.7048573505593578
1781,1.704101389594771
1782,1.7033105824678536
1783,1.7020094898942717
1784,1.701014410798901
1785,1.7004962793173894
1786,1.6992607401369866
1787,1.699275299790271
1788,1.699146970098329
1789,1.6986726199640931
1790,1.6985253947529217
1791,1.6991386270922382
1792,1.698180873719247
1793,1.6982898103563429
1794,1.6983195495229038
1795,1.6976030564892937
1796,1.6972242842770493
1797,1.6965661269072432
1798,1.6960076094876593
1799,1.6956888200031368
1800,1.6943864232264871
1801,1.6944082850062505
1802,1.6932435055938146
1803,1.6927687927046862
1804,1.6931695151210087
1805,1.6929966727617038
1806,1.692332571082135
1807,1.692275785631104
1808,1.690913063249628
1809,1.6901525655611431
1810,1.689375949625134
1811,1.689278322924654
1812,1.6889422822992908
1813,1.68760766101091
1814,1.6866928152438474
1815,1.6867837699207209
1816,1.6859822523706647
1817,1.6856788713804107
1818,1.6854163265913522
1819,1.684797511454026
1820,1.684453206694611
1821,1.6839234819886668
1822,1.6833453717887432
1823,1.6828973845838338
1824,1.6825120847498232
1825,1.6822716578894215
1826,1.6817295739404647
1827,1.6798392360970618
1828,1.6791045925074755
1829,1.6790933720104755
1830,1.6791533698237144
1831,1.6784343175296266
1832,1.6773067942420834
1833,1.6773586522079498
1834,1.677149699283267
1835,1.676652276147974
1836,1.6766395643919518
1837,1.676011188234728
1838,1.675121334133272
1839,1.6745893096913598
1840,1.674206797408055
1841,1.6739342598561953
1842,1.6735554620301347
1843,1.6732827427965509
1844,1.6724938896221384
1845,1.6722086727603291
1846,1.6704059277757342
1847,1.6699085281380663
1848,1.6697706601189453
1849,1.669906903181825
1850,1.6692309259343812
1851,1.6688963200041944
1852,1.6683011890333401
1853,1.6677775009536622
1854,1.6668966881019474
1855,1.6659078234584082
1856,1.6651805640725224
1857,1.6645023252008926
1858,1.6642879188984434
1859,1.6641641964625522
1860,1.663904160252112
1861,1.663129474511822
1862,1.662060026005167
1863,1.6612309181707632
1864,1.6610415066020867
1865,1.6612118851187265
1866,1.6600943115971076
1867,1.6593871658513106
1868,1.6589789492447946
1869,1.658827898950237
1870,1.6578049020864971
1871,1.6575457781315286
1872,1.6571151732569167
1873,1.6570050057552184
1874,1.6558672855343706
1875,1.6557759698873122
1876,1.6553537626576873
1877,1.6546516656798327
1878,1.6539623899384102
1879,1.6526812378427669
1880,1.6519312944595077
1881,1.6526507366550345
1882,1.6526026233310829
1883,1.6515090340564471
1884,1.6504644652909064
1885,1.6496208439957998
1886,1.649099275676217
1887,1.6489390789505347
1888,1.648107912327426
1889,1.6478433363257508
1890,1.647482082602013
1891,1.6475299299254975
1892,1.6467602843528055
1893,1.6460740215177696
1894,1.6451667870743527
1895,1.6444721610496624
1896,1.643840267591395
1897,1.6438984354794657
1898,1.6431591124188327
1899,1.6429701903099214
1900,1.642670682019165
1901,1.6424067897868628
1902,1.6419947363542542
1903,1.6412228104725366
1904,1.6406687285611814
1905,1.6401795345929853
1906,1.639103212596957
1907,1.6391772765608075
1908,1.638311150463185
1909,1.6374901774882535
1910,1.6370103906087154
1911,1.6377244245491656
1912,1.6374298364373632
1913,1.637196891888334
1914,1.6371815569367671
1915,1.6373715853515596
1916,1.63706720736691
1917,1.6363682259095436
1918,1.6362021850340833
1919,1.6359064631717806
1920,1.6357077507174271
1921,1.6352434588508142
1922,1.6344689647729802
1923,1.633673060533215
1924,1.6329319604484969
1925,1.632592051593836
1926,1.632249394636361
1927,1.6312236122184873
1928,1.6305654900527002
1929,1.6302064442744733
1930,1.6297872547734442
1931,1.6294500011940887
1932,1.6282453285818586
1933,1.6286203114412212
1934,1.6283275992927497
1935,1.627715321484446
1936,1.6276018777103967
1937,1.6273712384143981
1938,1.627065494268211
1939,1.626978844321659
1940,1.6263160746480556
1941,1.6261579815906109
1942,1.6258352704718295
1943,1.6255533577717436
1944,1.6253836564305177
1945,1.6244440289180573
1946,1.6239246598486379
1947,1.624205232279717
1948,1.6242608267117289
1949,1.6241417309927715
1950,1.6234606136542578
1951,1.6236450240084308
1952,1.6227170377738676
1953,1.622269807137256
1954,1.6217642942266277
1955,1.6210443894875726
1956,1.6204952568209596
1957,1.6200068027763068
1958,1.619804897941026
1959,1.6192122577191745
1960,1.6191649485618005
1961,1.6182949805269964
1962,1.6179068536291639
1963,1.618149469863923
1964,1.6173134203355715
1965,1.6169168365487636
1966,1.6166862774133084
1967,1.6168944014782318
1968,1.6162788063487528
1969,1.6161294482546145
1970,1.616542264257784
1971,1.6156284144979884
1972,1.614170936826162
1973,1.61407190195881
1974,1.6133823013257922
1975,1.613217373652548
1976,1.6125453976432724
1977,1.6115763352600176
1978,1.6111256093742141
1979,1.6105125942570422
1980,1.6095794505643453
1981,1.6097215788992498
1982,1.6102431378646305
1983,1.6104842852201002
1984,1.6102183928125122
1985,1.60909262345556
1986,1.6088893519381395
1987,1.608129506946496
1988,1.6075765879234414
1989,1.6069064413959906
1990,1.6057050138658306
1991,1.6058996089048287
1992,1.6053721642883778
1993,1.6050836044216472
1994,1.6048564936430287
1995,1.6037928606268577
1996,1.6038510905000443
1997,1.6033872874743758
1998,1.603109631332127
1999,1.602773994529764
2000,1.602488338667184
2001,1.6013463720914416
2002,1.6010756287507175
2003,1.6004075516920606
2004,1.6002942728467875
2005,1.600745669933034
2006,1.6010011618268845
2007,1.6000453676018824
2008,1.5999839047917759
2009,1.6000977072638725
2010,1.5997521757336464
2011,1.598887987302439
2012,1.598790169973535
2013,1.5982415091941509
2014,1.597761530847426
2015,1.5972574086861353
2016,1.5966836370268473
2017,1.5964826951517888
2018,1.5961036393932841
2019,1.5955649522636826
2020,1.5946425038119758
2021,1.5939055093914063
2022,1.5932878276322282
2023,1.5934478446048217
2024,1.5930308282492243
2025,1.5925188359136708
2026,1.59267613198211
2027,1.5926502212656857
2028,1.592404220052347
2029,1.5921938447920776
2030,1.5914176587455402
2031,1.5910384470730097
2032,1.5907299671787907
2033,1.5901928074294835
2034,1.5899361853392742
2035,1.5891115493476375
2036,1.5886978052419407
2037,1.5882588978126388
2038,1.5882613790437028
2039,1.5878012643015738
2040,1.586304907842599
2041,1.5854944204759998
2042,1.585138906952039
2043,1.5854756567060646
2044,1.5848330738659802
2045,1.5843531935280344
2046,1.5839501639096405
2047,1.5833948750784692
2048,1.5828186867138627
2049,1.582970214838869
2050,1.5824856228589859
2051,1.581544595323071
2052,1.5808900251138447
2053,1.5813884446089739
2054,1.5808696749691138
2055,1.5805616739219717
2056,1.580255395926015
2057,1.579453668020007
2058,1.5795046212289736
2059,1.578696830230328
2060,1.5786999848427623
2061,1.5787182707789942
2062,1.5782635500052904
2063,1.5773957558690457
2064,1.5767356805458237
2065,1.577300235371339
2066,1.5763695198751855
2067,1.576008172759237
2068,1.574802497715002
2069,1.5743836991950282
2070,1.5738986921613536
2071,1.5736420937835196
2072,1.5734037928471802
2073,1.573463713053469
2074,1.5737814241897385
2075,1.5735731287366446
2076,1.573801256844895
2077,1.5730270144113967
2078,1.5723017760946043
2079,1.572524236704609
2080,1.5722148733579986
2081,1.5720775865414733
2082,1.5714532693267877
2083,1.5708025261601004
2084,1.571177938535153
2085,1.5711288938673857
2086,1.5696404933887196
2087,1.5691892032581887
2088,1.5697825100285963
2089,1.5700769399938874
2090,1.5697478866409396
2091,1.5699430091693514
2092,1.5700442882224146
2093,1.5691813272245068
2094,1.5686938255197993
2095,1.5680321291470376
2096,1.5677479893640847
2097,1.5675771712126978
2098,1.5667021597708657
2099,1.5665979582845853
2100,1.5661306002541475
2101,1.565607374750377
2102,1.5649698731560957
2103,1.5644159724428517
2104,1.5640383404405889
2105,1.5636115865979332
2106,1.5625458515815203
2107,1.5623839948564389
2108,1.562105381579183
2109,1.5619278391293316
2110,1.5622682928333478
2111,1.562333699872494
2112,1.561610433334303
2113,1.5615482185450278
2114,1.5610483981255432
2115,1.5611411594492262
2116,1.56060569225542
2117,1.5603230794669827
2118,1.560184048850696
2119,1.55992836544372
2120,1.5597281497087896
2121,1.5597082440594319
2122,1.5591972008594566
2123,1.5588387549463627
2124,1.5587931258015675
2125,1.558266140906233
2126,1.5584384393001138
2127,1.5583943195619632
2128,1.5586981696018458
2129,1.5580140467173162
2130,1.5578073828789172
2131,1.5571649438128001
2132,1.557134253846151
2133,1.5559530117166158
2134,1.555289268979537
2135,1.5545021562569592
2136,1.554032070578872
2137,1.5535376289277316
2138,1.5531595776888987
2139,1.5531207873230175
2140,1.552711359533558
2141,1.5519948427234411
2142,1.5514947350688013
2143,1.5505176047831661
2144,1.5506235976162444
2145,1.5496116215745641
2146,1.5498070832157962
2147,1.548369998310361
2148,1.5477994818318552
2149,1.5477035967560702
2150,1.5470387027155412
2151,1.5468053571165832
2152,1.5466394087419517
2153,1.5461625126531418
2154,1.5459360907654047
2155,1.5450304295198598
2156,1.5453286896809886
2157,1.545037357414926
2158,1.5444088580579178
2159,1.5444744243545536
2160,1.5442843272325137
2161,1.5453003626422093
2162,1.5438397508590307
2163,1.5427566164825666
2164,1.5426137215110085
2165,1.5424828444806906
2166,1.5420203722109802
2167,1.5423893716194828
2168,1.541884627991262
2169,1.5422280419988195
2170,1.542695841922393
2171,1.5428281149261693
2172,1.5426780369454254
2173,1.5426252288462874
2174,1.5424927579149916
2175,1.5411821564683923
2176,1.5415213379697619
2177,1.5410615233548368
2178,1.540676827769332
2179,1.5396224908332383
2180,1.539613226975436
2181,1.539199487693038
2182,1.539506785075255
2183,1.5392555516564648
2184,1.5392248947592302
2185,1.5392304182835708
2186,1.5388905034832678
2187,1.5391464596832862
2188,1.5390094183413356
2189,1.5390703897950655
2190,1.5391802144897035
2191,1.5383847870225718
2192,1.537870387180558
2193,1.537214886690212
2194,1.5365045540671867
2195,1.5356522067068512
2196,1.5352285335863556
2197,1.5352602304813094
2198,1.5343169482311498
2199,1.5332840368673875
2200,1.5332638458227277
2201,1.5331283540625231
2202,1.5330619597908735
2203,1.5328159384714903
2204,1.53251178301688
2205,1.5317974890527095
2206,1.5320903679879334
2207,1.5317535647480478
2208,1.5316852907095566
2209,1.5316566221077372
2210,1.531686748694971
2211,1.5312656640201439
2212,1.5313770808384655
2213,1.5304083503140729
2214,1.530244981777335
2215,1.5296015274733616
2216,1.5293487474884695
2217,1.5294845360770608
2218,1.5294434918055624
2219,1.5298201123106376
2220,1.5296238312764305
2221,1.528745745882439
2222,1.5290412256715162
2223,1.5285947023436939
2224,1.5289495079351867
2225,1.528449555919641
2226,1.5273497782869658
2227,1.5278993055293015
2228,1.5282596171863547
2229,1.5275959245908577
2230,1.5279064972298693
2231,1.5276749935860836
2232,1.5276108526163394
2233,1.5268299587680532
2234,1.5263472421915691
2235,1.525860737907125
2236,1.5253987695021318
2237,1.5251180833119184
2238,1.525098869743672
2239,1.5240486011424388
2240,1.523690555354789
2241,1.5229550846255007
2242,1.5229173710822521
2243,1.5223353654803702
2244,1.5217967096615463
2245,1.521609128949608
2246,1.5217931296515608
2247,1.5212121106750152
2248,1.5213118981932654
2249,1.5211262627226863
2250,1.5203222343630691
2251,1.520276350092983
2252,1.5201006180702188
2253,1.519039223365522
2254,1.5189774906407654
2255,1.5186895936981282
2256,1.518903970922066
2257,1.5186601616948172
2258,1.5182204778243242
2259,1.5171010705375825
2260,1.5169682113620908
2261,1.5164376998074258
2262,1.5164515056257304
2263,1.5169404848897419
2264,1.5169074947033607
2265,1.5178526828792094
2266,1.5177161997858952
2267,1.5178246724782571
2268,1.517433026593389
2269,1.5178244840882547
2270,1.5177606865909377
2271,1.516326368912433
2272,1.515425627075719
2273,1.5145529708765202
2274,1.5146948056888787
2275,1.5148692018114294
2276,1.5146424230532158
2277,1.5145053811335945
2278,1.5145754763002293
2279,1.5145349404757018
2280,1.5140177559369703
2281,1.5137087977412962
2282,1.513778154348726
2283,1.5139349943493674
2284,1.514106290456948
2285,1.514286262769452
2286,1.5144922519916022
2287,1.5144404440611452
2288,1.5139640665153715
2289,1.5136727259733331
2290,1.5137209767952056
2291,1.5127350804564754
2292,1.5128859431555124
2293,1.5132207206875132
2294,1.5133938401292013
2295,1.513115286942645
2296,1.5129466701686358
2297,1.5136752784408307
2298,1.5139036725912525
2299,1.5134622251922838
2300,1.5127307371314618
2301,1.5126018571948934
2302,1.5123263620469978
2303,1.5126289366355865
2304,1.511927136768689
2305,1.511538244893148
2306,1.5115530940471038
2307,1.5111270510679868
2308,1.5103708338991662
2309,1.5105199579011146
2310,1.5098941549001663
2311,1.509615774537301
2312,1.5090256552631383
2313,1.5088449633439411
2314,1.509608613450689
2315,1.5085488812718548
2316,1.5083460628451788
2317,1.5091093126011537
2318,1.5092043070208225
2319,1.5082106276797225
2320,1.5080150344727465
2321,1.5072356131854523
2322,1.506969154858511
2323,1.5063649365944094
2324,1.505634455546695
2325,1.5057389872189946
2326,1.5053324975747124
2327,1.5051376852010379
2328,1.5043599684995805
2329,1.503948438799694
2330,1.5033040627475465
2331,1.5035774061027336
2332,1.5033722219829069
2333,1.5030464891597648
2334,1.503062663945051
2335,1.5032809087664307
2336,1.5028896108120493
2337,1.5025512690695937
2338,1.5026737218147277
2339,1.5022862157965544
2340,1.501867220968996
2341,1.5010930820778754
2342,1.5012450871851277
2343,1.5005592343038823
2344,1.4998972527275458
2345,1.4995013203072722
2346,1.4983850569855384
2347,1.4978590200647302
2348,1.4971390003461138
2349,1.4969085516342049
2350,1.4975264585586743
2351,1.4979483177503854
2352,1.4978777190482708
2353,1.4974377890455097
2354,1.496641963047467
2355,1.496303068336078
2356,1.4963598718260764
2357,1.497236168842985
2358,1.497322525712097
2359,1.4967273668543493
2360,1.4973653793507888
2361,1.497454771535654
2362,1.4978486889146945
2363,1.4975080662640252
2364,1.4972455932894222
2365,1.496462752174824
2366,1.496209812915782
2367,1.4958286731455035
2368,1.495343349777961
2369,1.495039110536613
2370,1.4947810866953266
2371,1.4947284806321963
2372,1.4939163046657926
2373,1.4932852625080235
2374,1.4930755192482195
2375,1.4923512173250166
2376,1.4918658749166878
2377,1.4919197193369942
2378,1.491109897986448
2379,1.4908024514610452
2380,1.49053545276294
2381,1.4905097449856048
2382,1.4901105608280802
2383,1.4901299815199354
2384,1.489819416801646
2385,1.4898122712100588
2386,1.4885100262207331
2387,1.4887008657163074
2388,1.4885010876559792
2389,1.4879520451165742
2390,1.4879975629682098
2391,1.4875512022354265
2392,1.487339982649336
2393,1.4865919918571282
2394,1.4866899116177639
2395,1.4867250714771445
2396,1.4862406506330814
2397,1.4865287003027623
2398,1.4867088504597625
2399,1.4862791349297544
2400,1.4858575058787729
2401,1.4863434788538488
2402,1.485858481110573
2403,1.4852352302887157
2404,1.4850697364792975
2405,1.485447890108629
2406,1.4857347671338796
2407,1.4856017044053378
2408,1.4861911124635323
2409,1.486270947746
2410,1.4871271032310824
2411,1.4868845115753964
2412,1.4867257741331952
2413,1.4859036455447572
2414,1.4852067809201475
2415,1.4849830906867239
2416,1.4852168457164039
2417,1.4848391002937749
2418,1.4856532731447718
2419,1.485195457182151
2420,1.485845666385676
2421,1.4859686597504673
2422,1.4852076763145217
2423,1.4857683772193835
2424,1.4861620337228474
2425,1.4862630761714068
2426,1.4858321504901113
2427,1.485585917827294
2428,1.486309995254745
2429,1.4866251228261516
2430,1.4866807496993097
2431,1.48544892904355
2432,1.4857191698993244
2433,1.4863964200119275
2434,1.4864445927240548
2435,1.485851669554724
2436,1.486078397989191
2437,1.4858230155991703
2438,1.4855028055351422
2439,1.4855180053906258
2440,1.48509029861457
2441,1.4851717415436458
2442,1.4860330774113204
2443,1.486335675979671
2444,1.485921110554255
2445,1.486005044109466
2446,1.4854327613158085
2447,1.4856198051136928
2448,1.4852989957919671
2449,1.484903168406798
2450,1.4849367673120688
2451,1.4848796244684215
2452,1.4845426362652467
2453,1.484386967446497
2454,1.4841867902771324
2455,1.4837957762199419
2456,1.4841443462836168
2457,1.483858219821659
2458,1.482876552938043
2459,1.4827377334462073
2460,1.4822259736579595
2461,1.4823461445839703
2462,1.4821211400844723
2463,1.4816801080260384
2464,1.4813847607941066
2465,1.4817428033788225
2466,1.4819871072386142
2467,1.4816632539755252
2468,1.4815002156606936
2469,1.4809044825877142
2470,1.4809445769874736
2471,1.4809259600105598
2472,1.4806343017150423
2473,1.4798059789505473
2474,1.4803419837955172
2475,1.480417565803872
2476,1.4806059912593401
2477,1.4796373293237102
2478,1.4794398411639023
2479,1.478067511244311
2480,1.4774844849558872
2481,1.4769267591201423
2482,1.4760590570485488
2483,1.4761083958317416
2484,1.4759702329848394
2485,1.476493104707589
2486,1.4759185376993444
2487,1.4759253491925193
2488,1.4762761482961628
2489,1.4758216750204862
2490,1.4759447264024312
2491,1.4760434943041922
2492,1.4761339568346428
2493,1.4761724659189277
2494,1.4762501733121276
2495,1.4764141289675892
2496,1.4763857205032276
2497,1.4760421925517508
2498,1.4756777474739091
2499,1.4745331757931686
2500,1.4743176744973063
2501,1.474842400318731
2502,1.4741602376570524
2503,1.4740531272451896
2504,1.4738556883956593
2505,1.4734948022545467
2506,1.4727606463942395
2507,1.4723089200996555
2508,1.4717749688514405
2509,1.4714983740268714
2510,1.47154692789338
2511,1.471568453916048
2512,1.471349197264485
2513,1.4717626397642027
2514,1.4719633027251442
2515,1.4712970226058526
2516,1.4717361825374942
2517,1.47115062432635
2518,1.4709986470342198
2519,1.4709210465109854
2520,1.470654461022355
2521,1.4705983425889564
2522,1.4709823442697396
2523,1.4707495422100894
2524,1.4704320488291138
2525,1.4699421271442186
2526,1.4699884273473058
2527,1.470650435438391
2528,1.4702392015175259
2529,1.4695980144987415
2530,1.4691560373287313
2531,1.4689587672024265
2532,1.468587935078135
2533,1.4682819951631934
2534,1.4677386699991568
2535,1.4682048204044105
2536,1.468666749959152
2537,1.4680633467531816
2538,1.4687094231103544
2539,1.4686668591560512
2540,1.468786613079345
2541,1.4691893112796417
2542,1.4695970065489525
2543,1.4687148811572008
2544,1.4684966652105398
2545,1.4684962363580807
2546,1.4678771961638475
2547,1.4676036599805913
2548,1.4673006471256755
2549,1.4661764655048783
2550,1.4659491891130243
2551,1.4659529463624106
2552,1.4659957291137817
2553,1.4656267250997435
2554,1.4654747950746774
2555,1.465663254018612
2556,1.4657332644471204
2557,1.465524872809301
2558,1.4651729892256433
2559,1.4647557093651415
2560,1.4641013303272223
2561,1.4641898333723196
2562,1.4640704701841822
2563,1.4632916776628226
2564,1.463154068959267
2565,1.4631090771606174
2566,1.463819491785923
2567,1.463173902197397
2568,1.4626614350482245
2569,1.462896197680268
2570,1.4631116237747277
2571,1.4626392954168175
2572,1.4635928226417207
2573,1.4635350932526374
2574,1.4635485324512747
2575,1.4632815562671235
2576,1.4624173571791346
2577,1.46215936218933
2578,1.4618269763562186
2579,1.4612380503544848
2580,1.4612096542270032
2581,1.461032356646461
2582,1.4607891155384645
2583,1.4603389401078832
2584,1.4601289316876531
2585,1.460399340705725
2586,1.460001857374429
2587,1.4602438086951106
2588,1.460253624636992
2589,1.4600719014293777
2590,1.460004927664706
2591,1.459794530382469
2592,1.45913757972767
2593,1.4586178053517445
2594,1.458984214198323
2595,1.458991639384724
2596,1.4589260672705526
2597,1.458956413475038
2598,1.4598577371708692
2599,1.4600293263239363
2600,1.4591284124010646
2601,1.459049874285337
2602,1.4593326757994167
2603,1.4586482839220698
2604,1.4580950606371221
2605,1.4572964492574485
2606,1.4572778772783725
2607,1.4566076710664233
2608,1.4566789397146445
2609,1.456863757965487
2610,1.457738580164881
2611,1.4573416954481802
2612,1.4579666305860002
2613,1.4575428927237308
2614,1.45730727801806
2615,1.4558673359183922
2616,1.4562435881380127
2617,1.4559764791888206
2618,1.45615232018381
2619,1.4562801912148262
2620,1.4557869755054589
2621,1.4543147329855537
2622,1.453948991247138
2623,1.454030751797714
2624,1.4532431670237531
2625,1.4536541070585223
2626,1.4534654524648067
2627,1.4531767539768814
2628,1.4525287867722523
2629,1.4530810199891386
2630,1.4527357944906314
2631,1.4527548796414682
2632,1.452826657449182
2633,1.4524009316999482
2634,1.4518430487356575
2635,1.452475780141468
2636,1.4523967206619908
2637,1.4522776717086507
2638,1.4527300564306056
2639,1.4526296155154639
2640,1.4517285162776643
2641,1.4521173282343682
2642,1.4516219181816743
2643,1.4515843929192371
2644,1.452117123853577
2645,1.4512624449316507
2646,1.4512841892886328
2647,1.4509397670423192
2648,1.4506504295566973
2649,1.4502147534622065
2650,1.4502765275190914
2651,1.4501244467901817
2652,1.450185852603066
2653,1.4498088946032812
2654,1.4500392582303807
2655,1.4499765447935258
2656,1.4485101016280628
2657,1.4489178822119262
2658,1.4486284631853938
2659,1.4481763588188417
2660,1.4483427611850064
2661,1.4487765121167018
2662,1.4490751928042385
2663,1.448824918253421
2664,1.448097380860185
2665,1.4478077278596804
2666,1.4477956317207605
2667,1.44789872148579
2668,1.4473931100702953
2669,1.4463902203839956
2670,1.4458988883922397
2671,1.446065223540197
2672,1.4461068340130883
2673,1.4465528952507647
2674,1.4462864286581578
2675,1.4460536179087862
2676,1.4461032329399843
2677,1.4459778029552568
2678,1.4469275839780609
2679,1.446667120486671
2680,1.4467031398590116
2681,1.4468350341312282
2682,1.4467121938650158
2683,1.4466817156661211
2684,1.4468965169454502
2685,1.4468613962264447
2686,1.4472750951779838
2687,1.4477589837048748
2688,1.4477827907708896
2689,1.4480828088408173
2690,1.4479260342367242
2691,1.4479044599440491
2692,1.4476149388794761
2693,1.4473257460665472
2694,1.4463635665677321
2695,1.4464157731187628
2696,1.445951329135422
2697,1.4465620052161352
2698,1.4458019825533714
2699,1.44611060329888
2700,1.446327983880455
2701,1.445963309559749
2702,1.4465611193840264
2703,1.446729609368172
2704,1.4467848853448713
2705,1.4469541189924964
2706,1.446222877532141
2707,1.4457057266526407
2708,1.4459063353251542
2709,1.4454844668774707
2710,1.445046404775334
2711,1.4444664591360348
2712,1.443881320588995
2713,1.4442694770103146
2714,1.44406862726503
2715,1.4439136846589995
2716,1.443551965798278
2717,1.4435266753836795
2718,1.4434241257894276
2719,1.4433384353650087
2720,1.4435337875721679
2721,1.4426854797749786
2722,1.4428131268002677
2723,1.4421794275310165
2724,1.4421676928469733
2725,1.44250993688661
2726,1.4424302326099372
2727,1.4423429218458306
2728,1.4422139865732817
2729,1.4427898251737252
2730,1.44261161379522
2731,1.4424357983932476
2732,1.4429266009724409
2733,1.4428401870445753
2734,1.4418473030386385
2735,1.4423061972412325
2736,1.4425275824707546
2737,1.44277057768871
2738,1.442873424763781
2739,1.4426869205095334
2740,1.4438613941698077
2741,1.4439728638152507
2742,1.4445807732152762
2743,1.4439384429720705
2744,1.444378156988453
2745,1.4443683766703392
2746,1.4438094993941957
2747,1.443760289997132
2748,1.4439523478004
2749,1.4445509138166515
2750,1.444538448453984
2751,1.4443660174975999
2752,1.443685915794651
2753,1.4443207977137433
2754,1.4431453464391863
2755,1.4437439234657858
2756,1.4431895482313333
2757,1.4428875663296643
2758,1.4429102180449107
2759,1.4436198919303198
2760,1.4436292251250384
2761,1.444068032929819
2762,1.4443658996233648
2763,1.4441677634355545
2764,1.4432648311404763
2765,1.4435807669700593
2766,1.4434751614382446
2767,1.4427009297968516
2768,1.4423355019182305
2769,1.4430925950376723
2770,1.4426346165805224
2771,1.4423324203502914
2772,1.4425712149631527
2773,1.4433313352729595
2774,1.4427282273777726
2775,1.4422414397009446
2776,1.4415255042823225
2777,1.4410521995876062
2778,1.4412749826527387
2779,1.4411359635218397
2780,1.4412110113183585
2781,1.4415810602722892
2782,1.4415147002400917
2783,1.4411337317968134
2784,1.440786034177326
2785,1.4407806262417346
2786,1.4406772553665277
2787,1.4415301817405204
2788,1.4413155940168123
2789,1.441359802728212
2790,1.44096303041022
2791,1.4407441907538587
2792,1.4408995341802977
2793,1.4406671991859312
2794,1.4404004078602937
2795,1.4392998286352776
2796,1.4396564192474781
2797,1.4390833578867595
2798,1.4382454616144917
2799,1.4378578063914487
2800,1.4370850643642665
2801,1.4363434365099037
2802,1.4374244143258788
2803,1.436934678862237
2804,1.4365774688398325
2805,1.43649280581176
2806,1.4371114876174305
2807,1.4363735274649965
2808,1.4362277691616376
2809,1.4357773159894034
2810,1.4354923889094224
2811,1.4356961010448692
2812,1.4358315351984408
2813,1.4350043016387897
2814,1.435352887328426
2815,1.4353259395595799
2816,1.4351447160259565
2817,1.4352620264402396
2818,1.4358933552206694
2819,1.4364692589063561
2820,1.4363536032051576
2821,1.4362642145326256
2822,1.4364310515569756
2823,1.436776248255786
2824,1.4365044827129725
2825,1.4366756171950656
2826,1.4360203342785018
2827,1.4357543362385619
2828,1.4347900944692351
2829,1.4345470919000713
2830,1.4340560254168369
2831,1.4338089406865457
2832,1.4329086479316222
2833,1.4336701856091287
2834,1.4336642294639323
2835,1.4338179373864028
2836,1.433701086962344
2837,1.4337531184610122
2838,1.433698809380061
2839,1.4335557074447791
2840,1.4331197307584995
2841,1.4336746508634832
2842,1.4333465925118936
2843,1.4341055439548076
2844,1.434373609314725
2845,1.4345088118797125
2846,1.4338224546309184
2847,1.4343627575906073
2848,1.4341892177059765
2849,1.4334122064422197
2850,1.4335275006548975
2851,1.4341100305330046
2852,1.4344152137648127
2853,1.4338285706948082
2854,1.4332911398868386
2855,1.4327963175697538
2856,1.4326803706762141
2857,1.4325059745931035
2858,1.4323056527315516
2859,1.4318729476702372
2860,1.432072265927068
2861,1.4326136337760986
2862,1.4323986512922269
2863,1.4323962008608342
2864,1.432322674407552
2865,1.4320688648479287
2866,1.43200786942124
2867,1.4323103447079861
2868,1.4320226402018268
2869,1.4318064837768796
2870,1.432212207052392
2871,1.431539256837583
2872,1.43094349729745
2873,1.4305249580857538
2874,1.4300155598456696
2875,1.4303875882788832
2876,1.4305155576246034
2877,1.430024228787175
2878,1.4306933846571408
2879,1.4309192624855434
2880,1.4312934133037951
2881,1.431502975182983
2882,1.431568069869387
2883,1.4314229746081686
2884,1.4313638939688496
2885,1.431228084519038
2886,1.4312926998649425
2887,1.4310116058087448
2888,1.4308265061960794
2889,1.4306584171007528
2890,1.4301882135986732
2891,1.430379224335855
2892,1.4303144660248277
2893,1.429637261005326
2894,1.4298102943267845
2895,1.429803730488131
2896,1.4300711335852776
2897,1.4300424395474527
2898,1.429819068879215
2899,1.429311383504591
2900,1.4294681081813008
2901,1.4298773379175467
2902,1.4298791201539467
2903,1.429788763264326
2904,1.429569309791642
2905,1.428706629001998
2906,1.4286640787774574
2907,1.42791844870261
2908,1.4280301117529413
2909,1.4283611182329399
2910,1.4278214589633738
2911,1.4274200395306578
2912,1.4270417022356807
2913,1.426986020912372
2914,1.4274426131123803
2915,1.4273192564746748
2916,1.426655332893033
2917,1.4254769959418983
2918,1.424997930209004
2919,1.4252108402953145
2920,1.4247952265091224
2921,1.4255025962289705
2922,1.4257861439099515
2923,1.426025580409804
2924,1.4268602824437284
2925,1.4263292513592154
2926,1.4261790620343933
2927,1.4265225490844158
2928,1.4266853115655571
2929,1.4257746936940787
2930,1.4263150980097419
2931,1.426322970015001
2932,1.4258580650466164
2933,1.4259789447651239
2934,1.4262008400214328
2935,1.4256544352395895
2936,1.425127422412941
2937,1.4247325504707247
2938,1.424599386849921
2939,1.4239603968927688
2940,1.423639531793201
2941,1.423994398856922
2942,1.424460011730461
2943,1.4243561216688865
2944,1.424564248793004
2945,1.4236691752505546
2946,1.424077200913787
2947,1.423291086220615
2948,1.4234349527782157
2949,1.4234422559389905
2950,1.4234184305421957
2951,1.423076895370225
2952,1.4230771213216158
2953,1.4221995356136283
2954,1.4222700326447333
2955,1.4221940611033193
2956,1.4212549411002775
2957,1.4208285877197087
2958,1.421171955635877
2959,1.420717214071072
2960,1.4203555359769369
2961,1.419988250220014
2962,1.4194180321440195
2963,1.4196902979125772
2964,1.4198357108569135
2965,1.4197248457341662
2966,1.4199843805730228
2967,1.4204058227604515
2968,1.4209324115626583
2969,1.4214510888090053
2970,1.4215884108171573
2971,1.4215749713628687
2972,1.42123540327869
2973,1.421055955928601
2974,1.4210449949673774
2975,1.4207101088619751
2976,1.4203473354795964
2977,1.4198729945134125
2978,1.419568958466528
2979,1.419676188363207
2980,1.419673250972133
2981,1.4193296984053883
2982,1.4187455288681277
2983,1.4186063494156431
2984,1.4184673309478382
2985,1.4182207861095821
2986,1.4183339676240239
2987,1.4181536810556619
2988,1.4193093166172879
2989,1.419169871579803
2990,1.4188816241421034
2991,1.4182644305783285
2992,1.418104787051143
2993,1.4178001139480596
2994,1.4176172293067326
2995,1.4175180323226793
2996,1.418080707068987
2997,1.4169632221085153
2998,1.416827938589044
2999,1.417108747561709
3000,1.416418359414674
